
> build
> nuxt build

[90m[[90mnuxi[90m][39m [90m[32mNuxt [1m3.17.7[22m[90m with Nitro [1m2.12.3[22m[39m
[90m[[90mnuxt:tailwindcss[90m][39m [36mтД╣[39m Using default Tailwind CSS file
node.exe : 
C:\Users\yanov\AppData\Roaming\npm\npm.ps1
:24 знак:5
+     & "node$exe"  "$basedir/node_modules
/npm/bin/npm-cli.js" $args
+     ~~~~~~~~~~~~~~~~~~~~~~~~~~~~~~~~~~~~
~~~~~~~~~~~~~~~~~~~~~~~~~~
    + CategoryInfo          : NotSpecifie 
   d: (:String) [], RemoteException
    + FullyQualifiedErrorId : NativeComma 
   ndError
 
[90m[[90mnuxt-site-config[90m][39m [4
3m[30m WARN [39m[49m [Nuxt Site Config]
 Invalid config provided, please correct:

[90m[[90mnuxt-site-config[90m][39m   - url "http://localhost:3000" from nuxt-site-config:config should not be localhost
[90m[[90mnuxt-site-config[90m][39m 
[90m[[90mnuxi[90m][39m [36mтД╣[39m Building for Nitro preset: [36mnode-server[39m
[36mтД╣[39m Nuxt Icon client bundle consist of [36m43[39m icons with [36m16.78KB[39m(uncompressed) in size
[36mтД╣[39m Building client...
[36mтД╣[39m [36mvite v6.3.5 [32mbuilding for production...[36m[39m
[36mтД╣[39m transforming...

[43m[30m WARN [39m[49m
/img/casino-bg-pattern.png referenced in /
img/casino-bg-pattern.png didn't resolve a
t build time, it will remain unchanged to 
be resolved at runtime

[36mтД╣[39m [32mтЬУ[39m 966 modules transformed.
[36mтД╣[39m rendering chunks...

[43m[30m WARN [39m[49m [33m[plugin vi
te:reporter] 
(!) D:/www/Projects/2025/SlotQuest/fronten
d/node_modules/@iconify/vue/dist/iconify.m
js is dynamically imported by D:/www/Proje
cts/2025/SlotQuest/frontend/plugins/icons.
client.ts but also statically imported by 
D:/www/Projects/2025/SlotQuest/frontend/no
de_modules/@nuxt/icon/dist/runtime/compone
nts/css.js, D:/www/Projects/2025/SlotQuest
/frontend/node_modules/@nuxt/icon/dist/run
time/components/shared.js, D:/www/Projects
/2025/SlotQuest/frontend/node_modules/@nux
t/icon/dist/runtime/components/svg.js, D:/
www/Projects/2025/SlotQuest/frontend/node_
modules/@nuxt/icon/dist/runtime/plugin.js,
 dynamic import will not move module into 
another chunk.
[39m

[36mтД╣[39m computing gzip size...
[36mтД╣[39m [2m.nuxt/dist/client/[22m[32mmanifest.json                          [39m[1m[2m 44.15 kB[22m[1m[22m[2m тФВ gzip:   3.39 kB[22m
[36mтД╣[39m [2m.nuxt/dist/client/[22m[35m_nuxt/index.CZeqepef.css               [39m[1m[2m  0.12 kB[22m[1m[22m[2m тФВ gzip:   0.11 kB[22m
[36mтД╣[39m [2m.nuxt/dist/client/[22m[35m_nuxt/index.Doq2WkSP.css               [39m[1m[2m  0.12 kB[22m[1m[22m[2m тФВ gzip:   0.11 kB[22m
[36mтД╣[39m [2m.nuxt/dist/client/[22m[35m_nuxt/index.ECEDFpZU.css               [39m[1m[2m  0.14 kB[22m[1m[22m[2m тФВ gzip:   0.11 kB[22m
[36mтД╣[39m [2m.nuxt/dist/client/[22m[35m_nuxt/index.D9iwZ9Ud.css               [39m[1m[2m  0.23 kB[22m[1m[22m[2m тФВ gzip:   0.13 kB[22m
[36mтД╣[39m [2m.nuxt/dist/client/[22m[35m_nuxt/index.BkZEUa3U.css               [39m[1m[2m  0.23 kB[22m[1m[22m[2m тФВ gzip:   0.13 kB[22m
[36mтД╣[39m [2m.nuxt/dist/client/[22m[35m_nuxt/SlotCard.BmxaAXTG.css            [39m[1m[2m  0.23 kB[22m[1m[22m[2m тФВ gzip:   0.13 kB[22m
[36mтД╣[39m [2m.nuxt/dist/client/[22m[35m_nuxt/test-components.Cg2dCym6.css     [39m[1m[2m  0.26 kB[22m[1m[22m[2m тФВ gzip:   0.16 kB[22m
[36mтД╣[39m [2m.nuxt/dist/client/[22m[35m_nuxt/index.CoZlYAli.css               [39m[1m[2m  0.26 kB[22m[1m[22m[2m тФВ gzip:   0.14 kB[22m
[36mтД╣[39m [2m.nuxt/dist/client/[22m[35m_nuxt/index.d9gPItur.css               [39m[1m[2m  0.26 kB[22m[1m[22m[2m тФВ gzip:   0.14 kB[22m
[36mтД╣[39m [2m.nuxt/dist/client/[22m[35m_nuxt/index.D9Ch3s7Q.css               [39m[1m[2m  0.27 kB[22m[1m[22m[2m тФВ gzip:   0.15 kB[22m
[36mтД╣[39m [2m.nuxt/dist/client/[22m[35m_nuxt/default.0J38pYIj.css             [39m[1m[2m  0.31 kB[22m[1m[22m[2m тФВ gzip:   0.20 kB[22m
[36mтД╣[39m [2m.nuxt/dist/client/[22m[35m_nuxt/index.BepCTOgz.css               [39m[1m[2m  0.37 kB[22m[1m[22m[2m тФВ gzip:   0.19 kB[22m
[36mтД╣[39m [2m.nuxt/dist/client/[22m[35m_nuxt/index.9Rp1xyI7.css               [39m[1m[2m  0.37 kB[22m[1m[22m[2m тФВ gzip:   0.19 kB[22m
[36mтД╣[39m [2m.nuxt/dist/client/[22m[35m_nuxt/slots.DGF3Vtjo.css               [39m[1m[2m  0.37 kB[22m[1m[22m[2m тФВ gzip:   0.19 kB[22m
[36mтД╣[39m [2m.nuxt/dist/client/[22m[35m_nuxt/index.CjXB712b.css               [39m[1m[2m  0.37 kB[22m[1m[22m[2m тФВ gzip:   0.19 kB[22m
[36mтД╣[39m [2m.nuxt/dist/client/[22m[35m_nuxt/_slug_.B9toVHxo.css              [39m[1m[2m  0.83 kB[22m[1m[22m[2m тФВ gzip:   0.29 kB[22m
[36mтД╣[39m [2m.nuxt/dist/client/[22m[35m_nuxt/_id_.ZBhNHp7g.css                [39m[1m[2m  0.85 kB[22m[1m[22m[2m тФВ gzip:   0.38 kB[22m
[36mтД╣[39m [2m.nuxt/dist/client/[22m[35m_nuxt/_slug_.Bfy5tkLG.css              [39m[1m[2m  0.89 kB[22m[1m[22m[2m тФВ gzip:   0.30 kB[22m
[36mтД╣[39m [2m.nuxt/dist/client/[22m[35m_nuxt/_slug_.DYtatPOa.css              [39m[1m[2m  0.91 kB[22m[1m[22m[2m тФВ gzip:   0.31 kB[22m
[36mтД╣[39m [2m.nuxt/dist/client/[22m[35m_nuxt/error-500.CZqNkBuR.css           [39m[1m[2m  1.88 kB[22m[1m[22m[2m тФВ gzip:   0.72 kB[22m
[36mтД╣[39m [2m.nuxt/dist/client/[22m[35m_nuxt/_slug_.CoXoAUJF.css              [39m[1m[2m  2.27 kB[22m[1m[22m[2m тФВ gzip:   0.81 kB[22m
[36mтД╣[39m [2m.nuxt/dist/client/[22m[35m_nuxt/error-404.4oxyXxx0.css           [39m[1m[2m  3.56 kB[22m[1m[22m[2m тФВ gzip:   1.10 kB[22m
[36mтД╣[39m [2m.nuxt/dist/client/[22m[35m_nuxt/TheBackgroundBeams.-B8QDyce.css  [39m[1m[2m  3.98 kB[22m[1m[22m[2m тФВ gzip:   1.05 kB[22m
[36mтД╣[39m [2m.nuxt/dist/client/[22m[36m_nuxt/DlAUqK2U.js                      [39m[1m[2m  0.09 kB[22m[1m[22m[2m тФВ gzip:   0.10 kB[22m
[36mтД╣[39m [2m.nuxt/dist/client/[22m[36m_nuxt/C6Gz1OnA.js                      [39m[1m[2m  0.29 kB[22m[1m[22m[2m тФВ gzip:   0.21 kB[22m
[36mтД╣[39m [2m.nuxt/dist/client/[22m[36m_nuxt/xSP4ij11.js                      [39m[1m[2m  0.29 kB[22m[1m[22m[2m тФВ gzip:   0.21 kB[22m
[36mтД╣[39m [2m.nuxt/dist/client/[22m[36m_nuxt/GJsOBeFh.js                      [39m[1m[2m  0.31 kB[22m[1m[22m[2m тФВ gzip:   0.21 kB[22m
[36mтД╣[39m [2m.nuxt/dist/client/[22m[36m_nuxt/CQi2AeSI.js                      [39m[1m[2m  0.31 kB[22m[1m[22m[2m тФВ gzip:   0.21 kB[22m
[36mтД╣[39m [2m.nuxt/dist/client/[22m[36m_nuxt/dB7xwChB.js                      [39m[1m[2m  0.46 kB[22m[1m[22m[2m тФВ gzip:   0.31 kB[22m
[36mтД╣[39m [2m.nuxt/dist/client/[22m[36m_nuxt/QU8RAtU7.js                      [39m[1m[2m  0.56 kB[22m[1m[22m[2m тФВ gzip:   0.35 kB[22m
[36mтД╣[39m [2m.nuxt/dist/client/[22m[36m_nuxt/CsOOaVed.js                      [39m[1m[2m  0.58 kB[22m[1m[22m[2m тФВ gzip:   0.27 kB[22m
[36mтД╣[39m [2m.nuxt/dist/client/[22m[36m_nuxt/D8K_O9XE.js                      [39m[1m[2m  0.67 kB[22m[1m[22m[2m тФВ gzip:   0.44 kB[22m
[36mтД╣[39m [2m.nuxt/dist/client/[22m[36m_nuxt/CRJFod9j.js                      [39m[1m[2m  0.71 kB[22m[1m[22m[2m тФВ gzip:   0.31 kB[22m
[36mтД╣[39m [2m.nuxt/dist/client/[22m[36m_nuxt/hb4BBKhY.js                      [39m[1m[2m  0.73 kB[22m[1m[22m[2m тФВ gzip:   0.40 kB[22m
[36mтД╣[39m [2m.nuxt/dist/client/[22m[36m_nuxt/cf9eIaMO.js                      [39m[1m[2m  1.01 kB[22m[1m[22m[2m тФВ gzip:   0.46 kB[22m
[36mтД╣[39m [2m.nuxt/dist/client/[22m[36m_nuxt/DbZsNeY6.js                      [39m[1m[2m  1.66 kB[22m[1m[22m[2m тФВ gzip:   0.56 kB[22m
[36mтД╣[39m [2m.nuxt/dist/client/[22m[36m_nuxt/3RzfU5VN.js                      [39m[1m[2m  1.75 kB[22m[1m[22m[2m тФВ gzip:   0.79 kB[22m
[36mтД╣[39m [2m.nuxt/dist/client/[22m[36m_nuxt/CGCW0H7K.js                      [39m[1m[2m  1.80 kB[22m[1m[22m[2m тФВ gzip:   0.67 kB[22m
[36mтД╣[39m [2m.nuxt/dist/client/[22m[36m_nuxt/nRIcsORu.js                      [39m[1m[2m  1.87 kB[22m[1m[22m[2m тФВ gzip:   1.00 kB[22m
[36mтД╣[39m [2m.nuxt/dist/client/[22m[36m_nuxt/FB3JlSAP.js                      [39m[1m[2m  1.88 kB[22m[1m[22m[2m тФВ gzip:   0.71 kB[22m
[36mтД╣[39m [2m.nuxt/dist/client/[22m[36m_nuxt/SccVNAzk.js                      [39m[1m[2m  1.88 kB[22m[1m[22m[2m тФВ gzip:   0.71 kB[22m
[36mтД╣[39m [2m.nuxt/dist/client/[22m[36m_nuxt/DE85a2Gc.js                      [39m[1m[2m  1.90 kB[22m[1m[22m[2m тФВ gzip:   0.79 kB[22m
[36mтД╣[39m [2m.nuxt/dist/client/[22m[36m_nuxt/DUqwEapm.js                      [39m[1m[2m  2.02 kB[22m[1m[22m[2m тФВ gzip:   0.77 kB[22m
[36mтД╣[39m [2m.nuxt/dist/client/[22m[36m_nuxt/CICaGe_o.js                      [39m[1m[2m  2.02 kB[22m[1m[22m[2m тФВ gzip:   0.77 kB[22m
[36mтД╣[39m [2m.nuxt/dist/client/[22m[36m_nuxt/ILRnJ88w.js                      [39m[1m[2m  2.02 kB[22m[1m[22m[2m тФВ gzip:   0.77 kB[22m
[36mтД╣[39m [2m.nuxt/dist/client/[22m[36m_nuxt/D6lW-78S.js                      [39m[1m[2m  2.03 kB[22m[1m[22m[2m тФВ gzip:   0.78 kB[22m
[36mтД╣[39m [2m.nuxt/dist/client/[22m[36m_nuxt/CALalSnX.js                      [39m[1m[2m  2.17 kB[22m[1m[22m[2m тФВ gzip:   0.62 kB[22m
[36mтД╣[39m [2m.nuxt/dist/client/[22m[36m_nuxt/X4RNInMO.js                      [39m[1m[2m  2.68 kB[22m[1m[22m[2m тФВ gzip:   0.90 kB[22m
[36mтД╣[39m [2m.nuxt/dist/client/[22m[36m_nuxt/CL7nfyrz.js                      [39m[1m[2m  2.73 kB[22m[1m[22m[2m тФВ gzip:   0.93 kB[22m
[36mтД╣[39m [2m.nuxt/dist/client/[22m[36m_nuxt/DBBlwOqB.js                      [39m[1m[2m  2.81 kB[22m[1m[22m[2m тФВ gzip:   0.96 kB[22m
[36mтД╣[39m [2m.nuxt/dist/client/[22m[36m_nuxt/BmvhEtn2.js                      [39m[1m[2m  2.83 kB[22m[1m[22m[2m тФВ gzip:   0.90 kB[22m
[36mтД╣[39m [2m.nuxt/dist/client/[22m[36m_nuxt/Dnu2gPcm.js                      [39m[1m[2m  3.00 kB[22m[1m[22m[2m тФВ gzip:   1.24 kB[22m
[36mтД╣[39m [2m.nuxt/dist/client/[22m[36m_nuxt/Boc_xqzc.js                      [39m[1m[2m  3.02 kB[22m[1m[22m[2m тФВ gzip:   1.35 kB[22m
[36mтД╣[39m [2m.nuxt/dist/client/[22m[36m_nuxt/D0yj6MRJ.js                      [39m[1m[2m  3.23 kB[22m[1m[22m[2m тФВ gzip:   1.54 kB[22m
[36mтД╣[39m [2m.nuxt/dist/client/[22m[36m_nuxt/BCIQ8J3k.js                      [39m[1m[2m  3.27 kB[22m[1m[22m[2m тФВ gzip:   1.57 kB[22m
[36mтД╣[39m [2m.nuxt/dist/client/[22m[36m_nuxt/BLRFyV6Q.js                      [39m[1m[2m  3.42 kB[22m[1m[22m[2m тФВ gzip:   1.55 kB[22m
[36mтД╣[39m [2m.nuxt/dist/client/[22m[36m_nuxt/CELCAy2S.js                      [39m[1m[2m  3.57 kB[22m[1m[22m[2m тФВ gzip:   1.77 kB[22m
[36mтД╣[39m [2m.nuxt/dist/client/[22m[36m_nuxt/DwbfrU9r.js                      [39m[1m[2m  3.68 kB[22m[1m[22m[2m тФВ gzip:   1.26 kB[22m
[36mтД╣[39m [2m.nuxt/dist/client/[22m[36m_nuxt/BzQEdrtW.js                      [39m[1m[2m  3.78 kB[22m[1m[22m[2m тФВ gzip:   1.71 kB[22m
[36mтД╣[39m [2m.nuxt/dist/client/[22m[36m_nuxt/D9hvjCrC.js                      [39m[1m[2m  3.94 kB[22m[1m[22m[2m тФВ gzip:   1.72 kB[22m
[36mтД╣[39m [2m.nuxt/dist/client/[22m[36m_nuxt/joUlvMLq.js                      [39m[1m[2m  4.01 kB[22m[1m[22m[2m тФВ gzip:   1.54 kB[22m
[36mтД╣[39m [2m.nuxt/dist/client/[22m[36m_nuxt/CEy7rSgc.js                      [39m[1m[2m  4.31 kB[22m[1m[22m[2m тФВ gzip:   2.02 kB[22m
[36mтД╣[39m [2m.nuxt/dist/client/[22m[36m_nuxt/0DT7hrv0.js                      [39m[1m[2m  4.90 kB[22m[1m[22m[2m тФВ gzip:   1.92 kB[22m
[36mтД╣[39m [2m.nuxt/dist/client/[22m[36m_nuxt/BQOsBOZa.js                      [39m[1m[2m  5.14 kB[22m[1m[22m[2m тФВ gzip:   2.24 kB[22m
[36mтД╣[39m [2m.nuxt/dist/client/[22m[36m_nuxt/CCXq8I1w.js                      [39m[1m[2m  5.28 kB[22m[1m[22m[2m тФВ gzip:   2.24 kB[22m
[36mтД╣[39m [2m.nuxt/dist/client/[22m[36m_nuxt/CxK4e4DS.js                      [39m[1m[2m  5.40 kB[22m[1m[22m[2m тФВ gzip:   2.09 kB[22m
[36mтД╣[39m [2m.nuxt/dist/client/[22m[36m_nuxt/CQA3_mT8.js                      [39m[1m[2m  5.41 kB[22m[1m[22m[2m тФВ gzip:   2.83 kB[22m
[36mтД╣[39m [2m.nuxt/dist/client/[22m[36m_nuxt/DiGBr6Gv.js                      [39m[1m[2m  5.46 kB[22m[1m[22m[2m тФВ gzip:   2.29 kB[22m
[36mтД╣[39m [2m.nuxt/dist/client/[22m[36m_nuxt/B17mc9im.js                      [39m[1m[2m  5.49 kB[22m[1m[22m[2m тФВ gzip:   2.33 kB[22m
[36mтД╣[39m [2m.nuxt/dist/client/[22m[36m_nuxt/DoYI5zzf.js                      [39m[1m[2m  5.56 kB[22m[1m[22m[2m тФВ gzip:   2.37 kB[22m
[36mтД╣[39m [2m.nuxt/dist/client/[22m[36m_nuxt/vqzQaGvo.js                      [39m[1m[2m  5.72 kB[22m[1m[22m[2m тФВ gzip:   2.35 kB[22m
[36mтД╣[39m [2m.nuxt/dist/client/[22m[36m_nuxt/DpL4wEgr.js                      [39m[1m[2m  5.87 kB[22m[1m[22m[2m тФВ gzip:   2.57 kB[22m
[36mтД╣[39m [2m.nuxt/dist/client/[22m[36m_nuxt/CPTipNNk.js                      [39m[1m[2m  6.56 kB[22m[1m[22m[2m тФВ gzip:   2.66 kB[22m
[36mтД╣[39m [2m.nuxt/dist/client/[22m[36m_nuxt/-8nYjPO5.js                      [39m[1m[2m  6.76 kB[22m[1m[22m[2m тФВ gzip:   2.59 kB[22m
[36mтД╣[39m [2m.nuxt/dist/client/[22m[36m_nuxt/czs5CPCu.js                      [39m[1m[2m  7.34 kB[22m[1m[22m[2m тФВ gzip:   2.70 kB[22m
[36mтД╣[39m [2m.nuxt/dist/client/[22m[36m_nuxt/B6rMz-K6.js                      [39m[1m[2m  7.35 kB[22m[1m[22m[2m тФВ gzip:   2.74 kB[22m
[36mтД╣[39m [2m.nuxt/dist/client/[22m[36m_nuxt/BAY2ErPA.js                      [39m[1m[2m  7.86 kB[22m[1m[22m[2m тФВ gzip:   2.85 kB[22m
[36mтД╣[39m [2m.nuxt/dist/client/[22m[36m_nuxt/CKbGxtmk.js                      [39m[1m[2m  8.23 kB[22m[1m[22m[2m тФВ gzip:   2.84 kB[22m
[36mтД╣[39m [2m.nuxt/dist/client/[22m[36m_nuxt/BrXYmWUO.js                      [39m[1m[2m  8.53 kB[22m[1m[22m[2m тФВ gzip:   3.61 kB[22m
[36mтД╣[39m [2m.nuxt/dist/client/[22m[36m_nuxt/Bg8lfqoo.js                      [39m[1m[2m  8.83 kB[22m[1m[22m[2m тФВ gzip:   3.55 kB[22m
[36mтД╣[39m [2m.nuxt/dist/client/[22m[36m_nuxt/Cn92TrWO.js                      [39m[1m[2m  8.98 kB[22m[1m[22m[2m тФВ gzip:   3.77 kB[22m
[36mтД╣[39m [2m.nuxt/dist/client/[22m[36m_nuxt/RlFNWAHB.js                      [39m[1m[2m  9.25 kB[22m[1m[22m[2m тФВ gzip:   3.13 kB[22m
[36mтД╣[39m [2m.nuxt/dist/client/[22m[36m_nuxt/D8-_Vh-8.js                      [39m[1m[2m 10.36 kB[22m[1m[22m[2m тФВ gzip:   2.60 kB[22m
[36mтД╣[39m [2m.nuxt/dist/client/[22m[36m_nuxt/DVtgZNbb.js                      [39m[1m[2m 10.88 kB[22m[1m[22m[2m тФВ gzip:   3.87 kB[22m
[36mтД╣[39m [2m.nuxt/dist/client/[22m[36m_nuxt/B0fw-muI.js                      [39m[1m[2m 11.02 kB[22m[1m[22m[2m тФВ gzip:   3.45 kB[22m
[36mтД╣[39m [2m.nuxt/dist/client/[22m[36m_nuxt/BVleZkXS.js                      [39m[1m[2m 12.02 kB[22m[1m[22m[2m тФВ gzip:   3.95 kB[22m
[36mтД╣[39m [2m.nuxt/dist/client/[22m[36m_nuxt/NS0IWOSq.js                      [39m[1m[2m 12.69 kB[22m[1m[22m[2m тФВ gzip:   3.83 kB[22m
[36mтД╣[39m [2m.nuxt/dist/client/[22m[36m_nuxt/wlf7Tf6A.js                      [39m[1m[2m 15.49 kB[22m[1m[22m[2m тФВ gzip:   5.28 kB[22m
[36mтД╣[39m [2m.nuxt/dist/client/[22m[36m_nuxt/C41JUjhZ.js                      [39m[1m[2m 15.49 kB[22m[1m[22m[2m тФВ gzip:   4.95 kB[22m
[36mтД╣[39m [2m.nuxt/dist/client/[22m[36m_nuxt/CkGx7jUk.js                      [39m[1m[2m 16.14 kB[22m[1m[22m[2m тФВ gzip:   4.53 kB[22m
[36mтД╣[39m [2m.nuxt/dist/client/[22m[36m_nuxt/fhEwI4oh.js                      [39m[1m[2m 16.36 kB[22m[1m[22m[2m тФВ gzip:   4.58 kB[22m
[36mтД╣[39m [2m.nuxt/dist/client/[22m[36m_nuxt/FUYUuG1E.js                      [39m[1m[2m 17.30 kB[22m[1m[22m[2m тФВ gzip:   5.21 kB[22m
[36mтД╣[39m [2m.nuxt/dist/client/[22m[36m_nuxt/DsN61EW2.js                      [39m[1m[2m 18.26 kB[22m[1m[22m[2m тФВ gzip:   4.85 kB[22m
[36mтД╣[39m [2m.nuxt/dist/client/[22m[36m_nuxt/Clu4Xqzm.js                      [39m[1m[2m 18.69 kB[22m[1m[22m[2m тФВ gzip:   5.17 kB[22m
[36mтД╣[39m [2m.nuxt/dist/client/[22m[36m_nuxt/0ClRDp8i.js                      [39m[1m[2m 20.36 kB[22m[1m[22m[2m тФВ gzip:   5.69 kB[22m
[36mтД╣[39m [2m.nuxt/dist/client/[22m[36m_nuxt/B2SjtzMh.js                      [39m[1m[2m 20.45 kB[22m[1m[22m[2m тФВ gzip:   5.81 kB[22m
[36mтД╣[39m [2m.nuxt/dist/client/[22m[36m_nuxt/DAhsc8fD.js                      [39m[1m[2m 22.31 kB[22m[1m[22m[2m тФВ gzip:   6.01 kB[22m
[36mтД╣[39m [2m.nuxt/dist/client/[22m[36m_nuxt/D6x8dyGP.js                      [39m[1m[2m 24.75 kB[22m[1m[22m[2m тФВ gzip:   8.20 kB[22m
[36mтД╣[39m [2m.nuxt/dist/client/[22m[36m_nuxt/BRBlIjJM.js                      [39m[1m[2m 25.62 kB[22m[1m[22m[2m тФВ gzip:   6.87 kB[22m
[36mтД╣[39m [2m.nuxt/dist/client/[22m[36m_nuxt/C9R8AFs4.js                      [39m[1m[2m 25.66 kB[22m[1m[22m[2m тФВ gzip:   7.70 kB[22m

[43m[30m WARN [39m[49m [33m
(!) Some chunks are larger than 500 kB aft
er minification. Consider:
- Using dynamic import() to code-split the
 application
- Use build.rollupOptions.output.manualChu
nks to improve chunking: https://rollupjs.
org/configuration-options/#output-manualch
unks
- Adjust chunk size limit for this warning
 via build.chunkSizeWarningLimit.[39m

[36mтД╣[39m [2m.nuxt/dist/client/[22m[36m_nuxt/GssucxJb.js                      [39m[1m[2m 26.77 kB[22m[1m[22m[2m тФВ gzip:   6.88 kB[22m
[36mтД╣[39m [2m.nuxt/dist/client/[22m[36m_nuxt/B-m8AyNT.js                      [39m[1m[2m 31.87 kB[22m[1m[22m[2m тФВ gzip:   8.60 kB[22m
[36mтД╣[39m [2m.nuxt/dist/client/[22m[36m_nuxt/JmuiMSZA.js                      [39m[1m[2m 41.88 kB[22m[1m[22m[2m тФВ gzip:  12.72 kB[22m
[36mтД╣[39m [2m.nuxt/dist/client/[22m[36m_nuxt/DA2GGVu1.js                      [39m[1m[2m 41.96 kB[22m[1m[22m[2m тФВ gzip:  13.06 kB[22m
[36mтД╣[39m [2m.nuxt/dist/client/[22m[36m_nuxt/Dh5ZHUGS.js                      [39m[1m[2m 44.22 kB[22m[1m[22m[2m тФВ gzip:  11.91 kB[22m
[36mтД╣[39m [2m.nuxt/dist/client/[22m[36m_nuxt/C8tgOb1r.js                      [39m[1m[2m 77.42 kB[22m[1m[22m[2m тФВ gzip:  23.90 kB[22m
[36mтД╣[39m [2m.nuxt/dist/client/[22m[36m_nuxt/Cb2jrwU-.js                      [39m[1m[2m106.94 kB[22m[1m[22m[2m тФВ gzip:  28.98 kB[22m
[36mтД╣[39m [2m.nuxt/dist/client/[22m[36m_nuxt/De6PQfY6.js                      [39m[1m[2m134.63 kB[22m[1m[22m[2m тФВ gzip:  38.74 kB[22m
[36mтД╣[39m [2m.nuxt/dist/client/[22m[36m_nuxt/vlmK7m6z.js                      [39m[1m[2m243.45 kB[22m[1m[22m[2m тФВ gzip:  57.25 kB[22m
[36mтД╣[39m [2m.nuxt/dist/client/[22m[36m_nuxt/BSCQIzJ2.js                      [39m[1m[33m668.57 kB[39m[22m[2m тФВ gzip: 199.95 kB[22m
[36mтД╣[39m [32mтЬУ built in 16.96s[39m
[32mтЬФ[39m Client built in 16980ms
[36mтД╣[39m Building server...
[36mтД╣[39m [36mvite v6.3.5 [32mbuilding SSR bundle for production...[36m[39m
[36mтД╣[39m transforming...

[43m[30m WARN [39m[49m
/img/casino-bg-pattern.png referenced in /
img/casino-bg-pattern.png didn't resolve a
t build time, it will remain unchanged to 
be resolved at runtime

[36mтД╣[39m [32mтЬУ[39m 404 modules transformed.
[36mтД╣[39m rendering chunks...
[36mтД╣[39m [32mтЬУ built in 14.61s[39m
[32mтЬФ[39m Server built in 14647ms
[90m[[90mnitro[90m][39m [32mтЬФ[39m Generated public [36m.output/public[39m

PWA v1.2.0
mode      generateSW
precache  114 entries (1922.25 KiB)
files generated
  .output/public/sw.js
  .output/public/workbox-8c29f6e4.js
[90m[[90mnitro[90m][39m [36mтД╣[39m Building Nuxt Nitro server (preset: [36mnode-server[39m, compatibility date: [36m2025-07-15[39m)
(node:9176) [DEP0155] DeprecationWarning: 
Use of deprecated trailing slash pattern m
apping "./" in the "exports" field module 
resolution of the package at D:\www\Projec
ts\2025\SlotQuest\frontend\node_modules\@i
conify\utils\package.json imported from D:
\www\Projects\2025\SlotQuest\frontend\node
_modules\@nuxt\icon\dist\runtime\server\ap
i.js. Mapping specifiers ending in "/" is 
no longer supported.
(Use `node --trace-deprecation ...` to sho
w where the warning was created)
(node:9176) [DEP0155] DeprecationWarning: 
Use of deprecated trailing slash pattern m
apping "./" in the "exports" field module 
resolution of the package at D:\www\Projec
ts\2025\SlotQuest\frontend\node_modules\@u
nocss\preset-wind3\package.json imported f
rom D:\www\Projects\2025\SlotQuest\fronten
d\node_modules\nuxt-og-image\dist\runtime\
server\og-image\context.js. Mapping specif
iers ending in "/" is no longer supported.
(node:9176) [DEP0155] DeprecationWarning: 
Use of deprecated trailing slash pattern m
apping "./" in the "exports" field module 
resolution of the package at D:\www\Projec
ts\2025\SlotQuest\frontend\node_modules\@v
ue\shared\package.json imported from D:\ww
w\Projects\2025\SlotQuest\frontend\node_mo
dules\nuxt\dist\core\runtime\nitro\templat
es\error-dev.js. Mapping specifiers ending
 in "/" is no longer supported.
[plugin esbuild] .nuxt/dist/server/_nuxt/_
id_-JjZMrA2B.js: [esbuild] (.nuxt/dist/ser
ver/_nuxt/_id_-JjZMrA2B.js:1378:6) Duplica
te key "popularity_user_rating" in object 
literal
[plugin esbuild] .nuxt/dist/server/_nuxt/_
id_-JjZMrA2B.js: [esbuild] (.nuxt/dist/ser
ver/_nuxt/_id_-JjZMrA2B.js:1380:6) Duplica
te key "popularity_monthly_players" in obj
ect literal
[plugin esbuild] .nuxt/dist/server/_nuxt/_
id_-JjZMrA2B.js: [esbuild] (.nuxt/dist/ser
ver/_nuxt/_id_-JjZMrA2B.js:1817:6) Duplica
te key "popularity_stats_title" in object 
literal
[plugin esbuild] .nuxt/dist/server/_nuxt/_
id_-JjZMrA2B.js: [esbuild] (.nuxt/dist/ser
ver/_nuxt/_id_-JjZMrA2B.js:1818:6) Duplica
te key "popularity_trend_title" in object 
literal
Cannot link .nitro/@vue/devtools-kit@8.1.1
 to @vue/devtools-kit Error: EEXIST: file 
already exists, symlink 'D:\www\Projects\2
025\SlotQuest\frontend\.output\server\node
_modules\.nitro\@vue\devtools-kit@8.1.1' -
> 'D:\www\Projects\2025\SlotQuest\frontend
\.output\server\node_modules\@vue\devtools
-kit'
    at async Object.symlink (node:internal
/fs/promises:1005:10)
    at async linkPackage (file:///D:/www/P
rojects/2025/SlotQuest/frontend/node_modul
es/nitropack/dist/rollup/index.mjs:568:9)
    at async Object.buildEnd (file:///D:/w
ww/Projects/2025/SlotQuest/frontend/node_m
odules/nitropack/dist/rollup/index.mjs:632
:11)
    at async Promise.all (index 0)
    at async PluginDriver.hookParallel (fi
le:///D:/www/Projects/2025/SlotQuest/front
end/node_modules/rollup/dist/es/shared/nod
e-entry.js:22213:9)
    at async file:///D:/www/Projects/2025/
SlotQuest/frontend/node_modules/rollup/dis
t/es/shared/node-entry.js:23207:13
    at async catchUnfinishedHookActions (f
ile:///D:/www/Projects/2025/SlotQuest/fron
tend/node_modules/rollup/dist/es/shared/no
de-entry.js:22655:16)
    at async rollupInternal (file:///D:/ww
w/Projects/2025/SlotQuest/frontend/node_mo
dules/rollup/dist/es/shared/node-entry.js:
23179:5)
    at async buildProduction (file:///D:/w
ww/Projects/2025/SlotQuest/frontend/node_m
odules/nitropack/dist/core/index.mjs:1607:
19)
    at async file:///D:/www/Projects/2025/
SlotQuest/frontend/node_modules/nuxt/dist/
shared/nuxt.CJ7ZnOUY.mjs:4673:5
    at async build (file:///D:/www/Project
s/2025/SlotQuest/frontend/node_modules/nux
t/dist/shared/nuxt.CJ7ZnOUY.mjs:7278:3)
    at async Object.run (file:///D:/www/Pr
ojects/2025/SlotQuest/frontend/node_module
s/@nuxt/cli/dist/chunks/build.mjs:76:5)
    at async runCommand (file:///D:/www/Pr
ojects/2025/SlotQuest/frontend/node_module
s/citty/dist/index.mjs:316:16)
    at async runCommand (file:///D:/www/Pr
ojects/2025/SlotQuest/frontend/node_module
s/citty/dist/index.mjs:307:11)
    at async runMain (file:///D:/www/Proje
cts/2025/SlotQuest/frontend/node_modules/c
itty/dist/index.mjs:445:7) {
  errno: -4075,
  code: 'EEXIST',
  syscall: 'symlink',
  path: 'D:\\www\\Projects\\2025\\SlotQues
t\\frontend\\.output\\server\\node_modules
\\.nitro\\@vue\\devtools-kit@8.1.1',
  dest: 'D:\\www\\Projects\\2025\\SlotQues
t\\frontend\\.output\\server\\node_modules
\\@vue\\devtools-kit'
}
Cannot link .nitro/@vue/devtools-kit@7.7.9
 to @vue/devtools-kit Error: EEXIST: file 
already exists, symlink 'D:\www\Projects\2
025\SlotQuest\frontend\.output\server\node
_modules\.nitro\@vue\devtools-kit@7.7.9' -
> 'D:\www\Projects\2025\SlotQuest\frontend
\.output\server\node_modules\@vue\devtools
-kit'
    at async Object.symlink (node:internal
/fs/promises:1005:10)
    at async linkPackage (file:///D:/www/P
rojects/2025/SlotQuest/frontend/node_modul
es/nitropack/dist/rollup/index.mjs:568:9)
    at async Object.buildEnd (file:///D:/w
ww/Projects/2025/SlotQuest/frontend/node_m
odules/nitropack/dist/rollup/index.mjs:632
:11)
    at async Promise.all (index 0)
    at async PluginDriver.hookParallel (fi
le:///D:/www/Projects/2025/SlotQuest/front
end/node_modules/rollup/dist/es/shared/nod
e-entry.js:22213:9)
    at async file:///D:/www/Projects/2025/
SlotQuest/frontend/node_modules/rollup/dis
t/es/shared/node-entry.js:23207:13
    at async catchUnfinishedHookActions (f
ile:///D:/www/Projects/2025/SlotQuest/fron
tend/node_modules/rollup/dist/es/shared/no
de-entry.js:22655:16)
    at async rollupInternal (file:///D:/ww
w/Projects/2025/SlotQuest/frontend/node_mo
dules/rollup/dist/es/shared/node-entry.js:
23179:5)
    at async buildProduction (file:///D:/w
ww/Projects/2025/SlotQuest/frontend/node_m
odules/nitropack/dist/core/index.mjs:1607:
19)
    at async file:///D:/www/Projects/2025/
SlotQuest/frontend/node_modules/nuxt/dist/
shared/nuxt.CJ7ZnOUY.mjs:4673:5
    at async build (file:///D:/www/Project
s/2025/SlotQuest/frontend/node_modules/nux
t/dist/shared/nuxt.CJ7ZnOUY.mjs:7278:3)
    at async Object.run (file:///D:/www/Pr
ojects/2025/SlotQuest/frontend/node_module
s/@nuxt/cli/dist/chunks/build.mjs:76:5)
    at async runCommand (file:///D:/www/Pr
ojects/2025/SlotQuest/frontend/node_module
s/citty/dist/index.mjs:316:16)
    at async runCommand (file:///D:/www/Pr
ojects/2025/SlotQuest/frontend/node_module
s/citty/dist/index.mjs:307:11)
    at async runMain (file:///D:/www/Proje
cts/2025/SlotQuest/frontend/node_modules/c
itty/dist/index.mjs:445:7) {
  errno: -4075,
  code: 'EEXIST',
  syscall: 'symlink',
  path: 'D:\\www\\Projects\\2025\\SlotQues
t\\frontend\\.output\\server\\node_modules
\\.nitro\\@vue\\devtools-kit@7.7.9',
  dest: 'D:\\www\\Projects\\2025\\SlotQues
t\\frontend\\.output\\server\\node_modules
\\@vue\\devtools-kit'
}
Cannot link .nitro/@vue/devtools-shared@8.
1.1 to @vue/devtools-shared Error: EEXIST:
 file already exists, symlink 'D:\www\Proj
ects\2025\SlotQuest\frontend\.output\serve
r\node_modules\.nitro\@vue\devtools-shared
@8.1.1' -> 'D:\www\Projects\2025\SlotQuest
\frontend\.output\server\node_modules\@vue
\devtools-shared'
    at async Object.symlink (node:internal
/fs/promises:1005:10)
    at async linkPackage (file:///D:/www/P
rojects/2025/SlotQuest/frontend/node_modul
es/nitropack/dist/rollup/index.mjs:568:9)
    at async Object.buildEnd (file:///D:/w
ww/Projects/2025/SlotQuest/frontend/node_m
odules/nitropack/dist/rollup/index.mjs:632
:11)
    at async Promise.all (index 0)
    at async PluginDriver.hookParallel (fi
le:///D:/www/Projects/2025/SlotQuest/front
end/node_modules/rollup/dist/es/shared/nod
e-entry.js:22213:9)
    at async file:///D:/www/Projects/2025/
SlotQuest/frontend/node_modules/rollup/dis
t/es/shared/node-entry.js:23207:13
    at async catchUnfinishedHookActions (f
ile:///D:/www/Projects/2025/SlotQuest/fron
tend/node_modules/rollup/dist/es/shared/no
de-entry.js:22655:16)
    at async rollupInternal (file:///D:/ww
w/Projects/2025/SlotQuest/frontend/node_mo
dules/rollup/dist/es/shared/node-entry.js:
23179:5)
    at async buildProduction (file:///D:/w
ww/Projects/2025/SlotQuest/frontend/node_m
odules/nitropack/dist/core/index.mjs:1607:
19)
    at async file:///D:/www/Projects/2025/
SlotQuest/frontend/node_modules/nuxt/dist/
shared/nuxt.CJ7ZnOUY.mjs:4673:5
    at async build (file:///D:/www/Project
s/2025/SlotQuest/frontend/node_modules/nux
t/dist/shared/nuxt.CJ7ZnOUY.mjs:7278:3)
    at async Object.run (file:///D:/www/Pr
ojects/2025/SlotQuest/frontend/node_module
s/@nuxt/cli/dist/chunks/build.mjs:76:5)
    at async runCommand (file:///D:/www/Pr
ojects/2025/SlotQuest/frontend/node_module
s/citty/dist/index.mjs:316:16)
    at async runCommand (file:///D:/www/Pr
ojects/2025/SlotQuest/frontend/node_module
s/citty/dist/index.mjs:307:11)
    at async runMain (file:///D:/www/Proje
cts/2025/SlotQuest/frontend/node_modules/c
itty/dist/index.mjs:445:7) {
  errno: -4075,
  code: 'EEXIST',
  syscall: 'symlink',
  path: 'D:\\www\\Projects\\2025\\SlotQues
t\\frontend\\.output\\server\\node_modules
\\.nitro\\@vue\\devtools-shared@8.1.1',
  dest: 'D:\\www\\Projects\\2025\\SlotQues
t\\frontend\\.output\\server\\node_modules
\\@vue\\devtools-shared'
}
Cannot link .nitro/@vue/devtools-shared@7.
7.9 to @vue/devtools-shared Error: EEXIST:
 file already exists, symlink 'D:\www\Proj
ects\2025\SlotQuest\frontend\.output\serve
r\node_modules\.nitro\@vue\devtools-shared
@7.7.9' -> 'D:\www\Projects\2025\SlotQuest
\frontend\.output\server\node_modules\@vue
\devtools-shared'
    at async Object.symlink (node:internal
/fs/promises:1005:10)
    at async linkPackage (file:///D:/www/P
rojects/2025/SlotQuest/frontend/node_modul
es/nitropack/dist/rollup/index.mjs:568:9)
    at async Object.buildEnd (file:///D:/w
ww/Projects/2025/SlotQuest/frontend/node_m
odules/nitropack/dist/rollup/index.mjs:632
:11)
    at async Promise.all (index 0)
    at async PluginDriver.hookParallel (fi
le:///D:/www/Projects/2025/SlotQuest/front
end/node_modules/rollup/dist/es/shared/nod
e-entry.js:22213:9)
    at async file:///D:/www/Projects/2025/
SlotQuest/frontend/node_modules/rollup/dis
t/es/shared/node-entry.js:23207:13
    at async catchUnfinishedHookActions (f
ile:///D:/www/Projects/2025/SlotQuest/fron
tend/node_modules/rollup/dist/es/shared/no
de-entry.js:22655:16)
    at async rollupInternal (file:///D:/ww
w/Projects/2025/SlotQuest/frontend/node_mo
dules/rollup/dist/es/shared/node-entry.js:
23179:5)
    at async buildProduction (file:///D:/w
ww/Projects/2025/SlotQuest/frontend/node_m
odules/nitropack/dist/core/index.mjs:1607:
19)
    at async file:///D:/www/Projects/2025/
SlotQuest/frontend/node_modules/nuxt/dist/
shared/nuxt.CJ7ZnOUY.mjs:4673:5
    at async build (file:///D:/www/Project
s/2025/SlotQuest/frontend/node_modules/nux
t/dist/shared/nuxt.CJ7ZnOUY.mjs:7278:3)
    at async Object.run (file:///D:/www/Pr
ojects/2025/SlotQuest/frontend/node_module
s/@nuxt/cli/dist/chunks/build.mjs:76:5)
    at async runCommand (file:///D:/www/Pr
ojects/2025/SlotQuest/frontend/node_module
s/citty/dist/index.mjs:316:16)
    at async runCommand (file:///D:/www/Pr
ojects/2025/SlotQuest/frontend/node_module
s/citty/dist/index.mjs:307:11)
    at async runMain (file:///D:/www/Proje
cts/2025/SlotQuest/frontend/node_modules/c
itty/dist/index.mjs:445:7) {
  errno: -4075,
  code: 'EEXIST',
  syscall: 'symlink',
  path: 'D:\\www\\Projects\\2025\\SlotQues
t\\frontend\\.output\\server\\node_modules
\\.nitro\\@vue\\devtools-shared@7.7.9',
  dest: 'D:\\www\\Projects\\2025\\SlotQues
t\\frontend\\.output\\server\\node_modules
\\@vue\\devtools-shared'
}
Cannot link .nitro/perfect-debounce@2.1.0 
to perfect-debounce Error: EEXIST: file al
ready exists, symlink 'D:\www\Projects\202
5\SlotQuest\frontend\.output\server\node_m
odules\.nitro\perfect-debounce@2.1.0' -> '
D:\www\Projects\2025\SlotQuest\frontend\.o
utput\server\node_modules\perfect-debounce
'
    at async Object.symlink (node:internal
/fs/promises:1005:10)
    at async linkPackage (file:///D:/www/P
rojects/2025/SlotQuest/frontend/node_modul
es/nitropack/dist/rollup/index.mjs:568:9)
    at async Object.buildEnd (file:///D:/w
ww/Projects/2025/SlotQuest/frontend/node_m
odules/nitropack/dist/rollup/index.mjs:632
:11)
    at async Promise.all (index 0)
    at async PluginDriver.hookParallel (fi
le:///D:/www/Projects/2025/SlotQuest/front
end/node_modules/rollup/dist/es/shared/nod
e-entry.js:22213:9)
    at async file:///D:/www/Projects/2025/
SlotQuest/frontend/node_modules/rollup/dis
t/es/shared/node-entry.js:23207:13
    at async catchUnfinishedHookActions (f
ile:///D:/www/Projects/2025/SlotQuest/fron
tend/node_modules/rollup/dist/es/shared/no
de-entry.js:22655:16)
    at async rollupInternal (file:///D:/ww
w/Projects/2025/SlotQuest/frontend/node_mo
dules/rollup/dist/es/shared/node-entry.js:
23179:5)
    at async buildProduction (file:///D:/w
ww/Projects/2025/SlotQuest/frontend/node_m
odules/nitropack/dist/core/index.mjs:1607:
19)
    at async file:///D:/www/Projects/2025/
SlotQuest/frontend/node_modules/nuxt/dist/
shared/nuxt.CJ7ZnOUY.mjs:4673:5
    at async build (file:///D:/www/Project
s/2025/SlotQuest/frontend/node_modules/nux
t/dist/shared/nuxt.CJ7ZnOUY.mjs:7278:3)
    at async Object.run (file:///D:/www/Pr
ojects/2025/SlotQuest/frontend/node_module
s/@nuxt/cli/dist/chunks/build.mjs:76:5)
    at async runCommand (file:///D:/www/Pr
ojects/2025/SlotQuest/frontend/node_module
s/citty/dist/index.mjs:316:16)
    at async runCommand (file:///D:/www/Pr
ojects/2025/SlotQuest/frontend/node_module
s/citty/dist/index.mjs:307:11)
    at async runMain (file:///D:/www/Proje
cts/2025/SlotQuest/frontend/node_modules/c
itty/dist/index.mjs:445:7) {
  errno: -4075,
  code: 'EEXIST',
  syscall: 'symlink',
  path: 'D:\\www\\Projects\\2025\\SlotQues
t\\frontend\\.output\\server\\node_modules
\\.nitro\\perfect-debounce@2.1.0',
  dest: 'D:\\www\\Projects\\2025\\SlotQues
t\\frontend\\.output\\server\\node_modules
\\perfect-debounce'
}
Cannot link .nitro/perfect-debounce@1.0.0 
to perfect-debounce Error: EEXIST: file al
ready exists, symlink 'D:\www\Projects\202
5\SlotQuest\frontend\.output\server\node_m
odules\.nitro\perfect-debounce@1.0.0' -> '
D:\www\Projects\2025\SlotQuest\frontend\.o
utput\server\node_modules\perfect-debounce
'
    at async Object.symlink (node:internal
/fs/promises:1005:10)
    at async linkPackage (file:///D:/www/P
rojects/2025/SlotQuest/frontend/node_modul
es/nitropack/dist/rollup/index.mjs:568:9)
    at async Object.buildEnd (file:///D:/w
ww/Projects/2025/SlotQuest/frontend/node_m
odules/nitropack/dist/rollup/index.mjs:632
:11)
    at async Promise.all (index 0)
    at async PluginDriver.hookParallel (fi
le:///D:/www/Projects/2025/SlotQuest/front
end/node_modules/rollup/dist/es/shared/nod
e-entry.js:22213:9)
    at async file:///D:/www/Projects/2025/
SlotQuest/frontend/node_modules/rollup/dis
t/es/shared/node-entry.js:23207:13
    at async catchUnfinishedHookActions (f
ile:///D:/www/Projects/2025/SlotQuest/fron
tend/node_modules/rollup/dist/es/shared/no
de-entry.js:22655:16)
    at async rollupInternal (file:///D:/ww
w/Projects/2025/SlotQuest/frontend/node_mo
dules/rollup/dist/es/shared/node-entry.js:
23179:5)
    at async buildProduction (file:///D:/w
ww/Projects/2025/SlotQuest/frontend/node_m
odules/nitropack/dist/core/index.mjs:1607:
19)
    at async file:///D:/www/Projects/2025/
SlotQuest/frontend/node_modules/nuxt/dist/
shared/nuxt.CJ7ZnOUY.mjs:4673:5
    at async build (file:///D:/www/Project
s/2025/SlotQuest/frontend/node_modules/nux
t/dist/shared/nuxt.CJ7ZnOUY.mjs:7278:3)
    at async Object.run (file:///D:/www/Pr
ojects/2025/SlotQuest/frontend/node_module
s/@nuxt/cli/dist/chunks/build.mjs:76:5)
    at async runCommand (file:///D:/www/Pr
ojects/2025/SlotQuest/frontend/node_module
s/citty/dist/index.mjs:316:16)
    at async runCommand (file:///D:/www/Pr
ojects/2025/SlotQuest/frontend/node_module
s/citty/dist/index.mjs:307:11)
    at async runMain (file:///D:/www/Proje
cts/2025/SlotQuest/frontend/node_modules/c
itty/dist/index.mjs:445:7) {
  errno: -4075,
  code: 'EEXIST',
  syscall: 'symlink',
  path: 'D:\\www\\Projects\\2025\\SlotQues
t\\frontend\\.output\\server\\node_modules
\\.nitro\\perfect-debounce@1.0.0',
  dest: 'D:\\www\\Projects\\2025\\SlotQues
t\\frontend\\.output\\server\\node_modules
\\perfect-debounce'
}
[90m[[90mnitro[90m][39m [32mтЬФ[39m Nuxt Nitro server built
[90m  тФЬтФА .output/server/chunks/_/empty.mjs (162 B)[39m[90m (152 B gzip)[39m
[90m  тФЬтФА .output/server/chunks/_/empty.mjs.map (173 B)[39m[90m (146 B gzip)[39m
[90m  тФЬтФА .output/server/chunks/_/error-500.mjs (4.88 kB)[39m[90m (2.06 kB gzip)[39m
[90m  тФЬтФА .output/server/chunks/_/error-500.mjs.map (200 B)[39m[90m (163 B gzip)[39m
[90m  тФЬтФА .output/server/chunks/_/eventHandlers.mjs (205 kB)[39m[90m (34.6 kB gzip)[39m
[90m  тФЬтФА .output/server/chunks/_/eventHandlers.mjs.map (562 B)[39m[90m (222 B gzip)[39m
[90m  тФЬтФА .output/server/chunks/_/nitro.mjs (670 kB)[39m[90m (161 kB gzip)[39m
[90m  тФЬтФА .output/server/chunks/_/nitro.mjs.map (11.6 kB)[39m[90m (2.14 kB gzip)[39m
[90m  тФЬтФА .output/server/chunks/_/node.mjs (176 B)[39m[90m (156 B gzip)[39m
[90m  тФЬтФА .output/server/chunks/_/node.mjs.map (217 B)[39m[90m (171 B gzip)[39m
[90m  тФЬтФА .output/server/chunks/_/node2.mjs (169 B)[39m[90m (152 B gzip)[39m
[90m  тФЬтФА .output/server/chunks/_/node2.mjs.map (211 B)[39m[90m (168 B gzip)[39m
[90m  тФЬтФА .output/server/chunks/_/renderer.mjs (16.7 kB)[39m[90m (4.82 kB gzip)[39m
[90m  тФЬтФА .output/server/chunks/_/renderer.mjs.map (1.3 kB)[39m[90m (289 B gzip)[39m
[90m  тФЬтФА .output/server/chunks/_/renderer2.mjs (3.14 kB)[39m[90m (1.24 kB gzip)[39m
[90m  тФЬтФА .output/server/chunks/_/renderer2.mjs.map (411 B)[39m[90m (204 B gzip)[39m
[90m  тФЬтФА .output/server/chunks/build/_id_-JjZMrA2B.mjs (266 kB)[39m[90m (47.9 kB gzip)[39m
[90m  тФЬтФА .output/server/chunks/build/_id_-JjZMrA2B.mjs.map (100 kB)[39m[90m (16.4 kB gzip)[39m
[90m  тФЬтФА .output/server/chunks/build/_id_-styles-1.mjs-CNsPPH5I.mjs (800 B)[39m[90m (427 B gzip)[39m
[90m  тФЬтФА .output/server/chunks/build/_id_-styles-1.mjs-CNsPPH5I.mjs.map (117 B)[39m[90m (121 B gzip)[39m
[90m  тФЬтФА .output/server/chunks/build/_id_-styles.BPnyflbw.mjs (343 B)[39m[90m (202 B gzip)[39m
[90m  тФЬтФА .output/server/chunks/build/_id_-styles.BPnyflbw.mjs.map (228 B)[39m[90m (173 B gzip)[39m
[90m  тФЬтФА .output/server/chunks/build/_id_-styles.DixnzCzm.mjs (289 B)[39m[90m (197 B gzip)[39m
[90m  тФЬтФА .output/server/chunks/build/_id_-styles.DixnzCzm.mjs.map (206 B)[39m[90m (160 B gzip)[39m
[90m  тФЬтФА .output/server/chunks/build/_plugin-vue_export-helper-1tPrXgE0.mjs (254 B)[39m[90m (201 B gzip)[39m
[90m  тФЬтФА .output/server/chunks/build/_plugin-vue_export-helper-1tPrXgE0.mjs.map (131 B)[39m[90m (124 B gzip)[39m
[90m  тФЬтФА .output/server/chunks/build/_slug_-0ntpicqI.mjs (10.6 kB)[39m[90m (3.23 kB gzip)[39m
[90m  тФЬтФА .output/server/chunks/build/_slug_-0ntpicqI.mjs.map (5.36 kB)[39m[90m (1.49 kB gzip)[39m
[90m  тФЬтФА .output/server/chunks/build/_slug_-Cegt4Gj8.mjs (12.4 kB)[39m[90m (3.64 kB gzip)[39m
[90m  тФЬтФА .output/server/chunks/build/_slug_-Cegt4Gj8.mjs.map (6.79 kB)[39m[90m (1.79 kB gzip)[39m
[90m  тФЬтФА .output/server/chunks/build/_slug_-CeZyjLev.mjs (9.09 kB)[39m[90m (2.99 kB gzip)[39m
[90m  тФЬтФА .output/server/chunks/build/_slug_-CeZyjLev.mjs.map (4.53 kB)[39m[90m (1.32 kB gzip)[39m
[90m  тФЬтФА .output/server/chunks/build/_slug_-CrVR32AG.mjs (6.21 kB)[39m[90m (2.14 kB gzip)[39m
[90m  тФЬтФА .output/server/chunks/build/_slug_-CrVR32AG.mjs.map (2.84 kB)[39m[90m (908 B gzip)[39m
[90m  тФЬтФА .output/server/chunks/build/_slug_-D8vZoEQS.mjs (10.3 kB)[39m[90m (3.16 kB gzip)[39m
[90m  тФЬтФА .output/server/chunks/build/_slug_-D8vZoEQS.mjs.map (5.41 kB)[39m[90m (1.5 kB gzip)[39m
[90m  тФЬтФА .output/server/chunks/build/_slug_-DI26avVW.mjs (16.7 kB)[39m[90m (4.61 kB gzip)[39m
[90m  тФЬтФА .output/server/chunks/build/_slug_-DI26avVW.mjs.map (5.25 kB)[39m[90m (1.5 kB gzip)[39m
[90m  тФЬтФА .output/server/chunks/build/_slug_-DRyyW0On.mjs (249 kB)[39m[90m (47.4 kB gzip)[39m
[90m  тФЬтФА .output/server/chunks/build/_slug_-DRyyW0On.mjs.map (1.32 kB)[39m[90m (543 B gzip)[39m
[90m  тФЬтФА .output/server/chunks/build/_slug_-DXEZmo4v.mjs (13.7 kB)[39m[90m (4.57 kB gzip)[39m
[90m  тФЬтФА .output/server/chunks/build/_slug_-DXEZmo4v.mjs.map (5.13 kB)[39m[90m (1.48 kB gzip)[39m
[90m  тФЬтФА .output/server/chunks/build/_slug_-QL0NjMCP.mjs (10.8 kB)[39m[90m (3.33 kB gzip)[39m
[90m  тФЬтФА .output/server/chunks/build/_slug_-QL0NjMCP.mjs.map (5.08 kB)[39m[90m (1.56 kB gzip)[39m
[90m  тФЬтФА .output/server/chunks/build/_slug_-styles-1.mjs-B4L4RbDl.mjs (2.34 kB)[39m[90m (853 B gzip)[39m
[90m  тФЬтФА .output/server/chunks/build/_slug_-styles-1.mjs-B4L4RbDl.mjs.map (119 B)[39m[90m (121 B gzip)[39m
[90m  тФЬтФА .output/server/chunks/build/_slug_-styles-1.mjs-C97uw22C.mjs (1.09 kB)[39m[90m (407 B gzip)[39m
[90m  тФЬтФА .output/server/chunks/build/_slug_-styles-1.mjs-C97uw22C.mjs.map (119 B)[39m[90m (119 B gzip)[39m
[90m  тФЬтФА .output/server/chunks/build/_slug_-styles-1.mjs-DAcT10gU.mjs (1.02 kB)[39m[90m (389 B gzip)[39m
[90m  тФЬтФА .output/server/chunks/build/_slug_-styles-1.mjs-DAcT10gU.mjs.map (119 B)[39m[90m (121 B gzip)[39m
[90m  тФЬтФА .output/server/chunks/build/_slug_-styles-1.mjs-w3HpDw1-.mjs (1.1 kB)[39m[90m (415 B gzip)[39m
[90m  тФЬтФА .output/server/chunks/build/_slug_-styles-1.mjs-w3HpDw1-.mjs.map (119 B)[39m[90m (120 B gzip)[39m
[90m  тФЬтФА .output/server/chunks/build/_slug_-styles.B4dCWMxt.mjs (301 B)[39m[90m (199 B gzip)[39m
[90m  тФЬтФА .output/server/chunks/build/_slug_-styles.B4dCWMxt.mjs.map (210 B)[39m[90m (164 B gzip)[39m
[90m  тФЬтФА .output/server/chunks/build/_slug_-styles.b5-pt4nY.mjs (355 B)[39m[90m (207 B gzip)[39m
[90m  тФЬтФА .output/server/chunks/build/_slug_-styles.b5-pt4nY.mjs.map (232 B)[39m[90m (175 B gzip)[39m
[90m  тФЬтФА .output/server/chunks/build/_slug_-styles.BW6n91S0.mjs (357 B)[39m[90m (205 B gzip)[39m
[90m  тФЬтФА .output/server/chunks/build/_slug_-styles.BW6n91S0.mjs.map (232 B)[39m[90m (177 B gzip)[39m
[90m  тФЬтФА .output/server/chunks/build/_slug_-styles.CaJ4Whjj.mjs (301 B)[39m[90m (201 B gzip)[39m
[90m  тФЬтФА .output/server/chunks/build/_slug_-styles.CaJ4Whjj.mjs.map (210 B)[39m[90m (165 B gzip)[39m
[90m  тФЬтФА .output/server/chunks/build/_slug_-styles.Csw4_pN_.mjs (357 B)[39m[90m (203 B gzip)[39m
[90m  тФЬтФА .output/server/chunks/build/_slug_-styles.Csw4_pN_.mjs.map (232 B)[39m[90m (174 B gzip)[39m
[90m  тФЬтФА .output/server/chunks/build/_slug_-styles.DGwVdR07.mjs (301 B)[39m[90m (202 B gzip)[39m
[90m  тФЬтФА .output/server/chunks/build/_slug_-styles.DGwVdR07.mjs.map (210 B)[39m[90m (166 B gzip)[39m
[90m  тФЬтФА .output/server/chunks/build/_slug_-styles.DwIE_0hD.mjs (357 B)[39m[90m (206 B gzip)[39m
[90m  тФЬтФА .output/server/chunks/build/_slug_-styles.DwIE_0hD.mjs.map (232 B)[39m[90m (176 B gzip)[39m
[90m  тФЬтФА .output/server/chunks/build/_slug_-styles.twv21-nX.mjs (299 B)[39m[90m (200 B gzip)[39m
[90m  тФЬтФА .output/server/chunks/build/_slug_-styles.twv21-nX.mjs.map (210 B)[39m[90m (164 B gzip)[39m
[90m  тФЬтФА .output/server/chunks/build/asyncData-yLMLLQK3.mjs (11.5 kB)[39m[90m (2.87 kB gzip)[39m
[90m  тФЬтФА .output/server/chunks/build/asyncData-yLMLLQK3.mjs.map (266 B)[39m[90m (195 B gzip)[39m
[90m  тФЬтФА .output/server/chunks/build/az-DirCTsSn.mjs (3.35 kB)[39m[90m (879 B gzip)[39m
[90m  тФЬтФА .output/server/chunks/build/az-DirCTsSn.mjs.map (147 B)[39m[90m (107 B gzip)[39m
[90m  тФЬтФА .output/server/chunks/build/bn-ty8V1KlQ.mjs (5.17 kB)[39m[90m (1.01 kB gzip)[39m
[90m  тФЬтФА .output/server/chunks/build/bn-ty8V1KlQ.mjs.map (147 B)[39m[90m (107 B gzip)[39m
[90m  тФЬтФА .output/server/chunks/build/BrandedLogo-sMbZll9O.mjs (1.51 kB)[39m[90m (803 B gzip)[39m
[90m  тФЬтФА .output/server/chunks/build/BrandedLogo-sMbZll9O.mjs.map (253 B)[39m[90m (202 B gzip)[39m
[90m  тФЬтФА .output/server/chunks/build/BrandedLogo.d.vue-BTDBFo2Y.mjs (120 B)[39m[90m (117 B gzip)[39m
[90m  тФЬтФА .output/server/chunks/build/BrandedLogo.d.vue-BTDBFo2Y.mjs.map (248 B)[39m[90m (196 B gzip)[39m
[90m  тФЬтФА .output/server/chunks/build/ca-D7zKtAHw.mjs (2.99 kB)[39m[90m (764 B gzip)[39m
[90m  тФЬтФА .output/server/chunks/build/ca-D7zKtAHw.mjs.map (147 B)[39m[90m (107 B gzip)[39m
[90m  тФЬтФА .output/server/chunks/build/client.manifest.mjs (34.6 kB)[39m[90m (3.22 kB gzip)[39m
[90m  тФЬтФА .output/server/chunks/build/client.manifest.mjs.map (29.8 kB)[39m[90m (1.42 kB gzip)[39m
[90m  тФЬтФА .output/server/chunks/build/cookie-policy-BzmoFAtU.mjs (4.63 kB)[39m[90m (1.81 kB gzip)[39m
[90m  тФЬтФА .output/server/chunks/build/cookie-policy-BzmoFAtU.mjs.map (884 B)[39m[90m (371 B gzip)[39m
[90m  тФЬтФА .output/server/chunks/build/default-styles-1.mjs-DIbkjFo-.mjs (215 B)[39m[90m (172 B gzip)[39m
[90m  тФЬтФА .output/server/chunks/build/default-styles-1.mjs-DIbkjFo-.mjs.map (120 B)[39m[90m (121 B gzip)[39m
[90m  тФЬтФА .output/server/chunks/build/default-styles.2Ran4tSm.mjs (316 B)[39m[90m (186 B gzip)[39m
[90m  тФЬтФА .output/server/chunks/build/default-styles.2Ran4tSm.mjs.map (234 B)[39m[90m (176 B gzip)[39m
[90m  тФЬтФА .output/server/chunks/build/default-styles.DAAAZ4cN.mjs (275 B)[39m[90m (183 B gzip)[39m
[90m  тФЬтФА .output/server/chunks/build/default-styles.DAAAZ4cN.mjs.map (212 B)[39m[90m (163 B gzip)[39m
[90m  тФЬтФА .output/server/chunks/build/default-wDzM33bP.mjs (21.4 kB)[39m[90m (3.57 kB gzip)[39m
[90m  тФЬтФА .output/server/chunks/build/default-wDzM33bP.mjs.map (9.05 kB)[39m[90m (1.77 kB gzip)[39m
[90m  тФЬтФА .output/server/chunks/build/en-BphGVjSc.mjs (4.49 kB)[39m[90m (993 B gzip)[39m
[90m  тФЬтФА .output/server/chunks/build/en-BphGVjSc.mjs.map (161 B)[39m[90m (107 B gzip)[39m
[90m  тФЬтФА .output/server/chunks/build/entry-styles.U5sbxRbH.mjs (372 kB)[39m[90m (60.1 kB gzip)[39m
[90m  тФЬтФА .output/server/chunks/build/entry-styles.U5sbxRbH.mjs.map (283 B)[39m[90m (185 B gzip)[39m
[90m  тФЬтФА .output/server/chunks/build/error-404-PGZ_Sm9n.mjs (6.04 kB)[39m[90m (2.39 kB gzip)[39m
[90m  тФЬтФА .output/server/chunks/build/error-404-PGZ_Sm9n.mjs.map (245 B)[39m[90m (197 B gzip)[39m
[90m  тФЬтФА .output/server/chunks/build/error-404-styles-1.mjs-Lqays52l.mjs (3.77 kB)[39m[90m (1.2 kB gzip)[39m
[90m  тФЬтФА .output/server/chunks/build/error-404-styles-1.mjs-Lqays52l.mjs.map (122 B)[39m[90m (122 B gzip)[39m
[90m  тФЬтФА .output/server/chunks/build/error-404-styles.CFLMZFZX.mjs (315 B)[39m[90m (204 B gzip)[39m
[90m  тФЬтФА .output/server/chunks/build/error-404-styles.CFLMZFZX.mjs.map (216 B)[39m[90m (167 B gzip)[39m
[90m  тФЬтФА .output/server/chunks/build/error-404-styles.CKJK0xyQ.mjs (373 B)[39m[90m (206 B gzip)[39m
[90m  тФЬтФА .output/server/chunks/build/error-404-styles.CKJK0xyQ.mjs.map (238 B)[39m[90m (179 B gzip)[39m
[90m  тФЬтФА .output/server/chunks/build/error-500-CsBqTC6x.mjs (5.14 kB)[39m[90m (2.1 kB gzip)[39m
[90m  тФЬтФА .output/server/chunks/build/error-500-CsBqTC6x.mjs.map (227 B)[39m[90m (186 B gzip)[39m
[90m  тФЬтФА .output/server/chunks/build/error-500-styles-1.mjs-mxY_iheb.mjs (2.09 kB)[39m[90m (833 B gzip)[39m
[90m  тФЬтФА .output/server/chunks/build/error-500-styles-1.mjs-mxY_iheb.mjs.map (122 B)[39m[90m (122 B gzip)[39m
[90m  тФЬтФА .output/server/chunks/build/error-500-styles.D5zYv3n5.mjs (315 B)[39m[90m (203 B gzip)[39m
[90m  тФЬтФА .output/server/chunks/build/error-500-styles.D5zYv3n5.mjs.map (216 B)[39m[90m (165 B gzip)[39m
[90m  тФЬтФА .output/server/chunks/build/error-500-styles.DH4SuYyS.mjs (373 B)[39m[90m (206 B gzip)[39m
[90m  тФЬтФА .output/server/chunks/build/error-500-styles.DH4SuYyS.mjs.map (238 B)[39m[90m (180 B gzip)[39m
[90m  тФЬтФА .output/server/chunks/build/es-AR-BXwd9Vuy.mjs (3.23 kB)[39m[90m (864 B gzip)[39m
[90m  тФЬтФА .output/server/chunks/build/es-AR-BXwd9Vuy.mjs.map (150 B)[39m[90m (110 B gzip)[39m
[90m  тФЬтФА .output/server/chunks/build/es-CL-BXwd9Vuy.mjs (3.23 kB)[39m[90m (863 B gzip)[39m
[90m  тФЬтФА .output/server/chunks/build/es-CL-BXwd9Vuy.mjs.map (150 B)[39m[90m (110 B gzip)[39m
[90m  тФЬтФА .output/server/chunks/build/es-CO-BXwd9Vuy.mjs (3.23 kB)[39m[90m (864 B gzip)[39m
[90m  тФЬтФА .output/server/chunks/build/es-CO-BXwd9Vuy.mjs.map (150 B)[39m[90m (110 B gzip)[39m
[90m  тФЬтФА .output/server/chunks/build/fetch-D1gdZsDb.mjs (4.14 kB)[39m[90m (1.47 kB gzip)[39m
[90m  тФЬтФА .output/server/chunks/build/fetch-D1gdZsDb.mjs.map (188 B)[39m[90m (162 B gzip)[39m
[90m  тФЬтФА .output/server/chunks/build/Frame-Bl-lRMrO.mjs (3.99 kB)[39m[90m (1.4 kB gzip)[39m
[90m  тФЬтФА .output/server/chunks/build/Frame-Bl-lRMrO.mjs.map (280 B)[39m[90m (209 B gzip)[39m
[90m  тФЬтФА .output/server/chunks/build/Frame.d.vue-BTDBFo2Y.mjs (114 B)[39m[90m (111 B gzip)[39m
[90m  тФЬтФА .output/server/chunks/build/Frame.d.vue-BTDBFo2Y.mjs.map (236 B)[39m[90m (192 B gzip)[39m
[90m  тФЬтФА .output/server/chunks/build/hi-IN-DCsTD4uy.mjs (5.41 kB)[39m[90m (1.09 kB gzip)[39m
[90m  тФЬтФА .output/server/chunks/build/hi-IN-DCsTD4uy.mjs.map (150 B)[39m[90m (110 B gzip)[39m
[90m  тФЬтФА .output/server/chunks/build/homepage-CVTtN281.mjs (36.9 kB)[39m[90m (7.42 kB gzip)[39m
[90m  тФЬтФА .output/server/chunks/build/homepage-CVTtN281.mjs.map (12.5 kB)[39m[90m (2.54 kB gzip)[39m
[90m  тФЬтФА .output/server/chunks/build/id-BErqzsT4.mjs (3.06 kB)[39m[90m (795 B gzip)[39m
[90m  тФЬтФА .output/server/chunks/build/id-BErqzsT4.mjs.map (147 B)[39m[90m (107 B gzip)[39m
[90m  тФЬтФА .output/server/chunks/build/index-5KwMOtzY.mjs (12 kB)[39m[90m (2.89 kB gzip)[39m
[90m  тФЬтФА .output/server/chunks/build/index-5KwMOtzY.mjs.map (3.7 kB)[39m[90m (1.01 kB gzip)[39m
[90m  тФЬтФА .output/server/chunks/build/index-BAUprsC1.mjs (14.7 kB)[39m[90m (4.32 kB gzip)[39m
[90m  тФЬтФА .output/server/chunks/build/index-BAUprsC1.mjs.map (6.13 kB)[39m[90m (1.75 kB gzip)[39m
[90m  тФЬтФА .output/server/chunks/build/index-BJAIMqbl.mjs (28.1 kB)[39m[90m (4.9 kB gzip)[39m
[90m  тФЬтФА .output/server/chunks/build/index-BJAIMqbl.mjs.map (9.47 kB)[39m[90m (2.2 kB gzip)[39m
[90m  тФЬтФА .output/server/chunks/build/index-BL_k77jU.mjs (22.2 kB)[39m[90m (4.49 kB gzip)[39m
[90m  тФЬтФА .output/server/chunks/build/index-BL_k77jU.mjs.map (8.73 kB)[39m[90m (2.02 kB gzip)[39m
[90m  тФЬтФА .output/server/chunks/build/index-Bqu_RKbC.mjs (27.8 kB)[39m[90m (4.92 kB gzip)[39m
[90m  тФЬтФА .output/server/chunks/build/index-Bqu_RKbC.mjs.map (9.79 kB)[39m[90m (2.07 kB gzip)[39m
[90m  тФЬтФА .output/server/chunks/build/index-BwN7fzAF.mjs (18.6 kB)[39m[90m (3.91 kB gzip)[39m
[90m  тФЬтФА .output/server/chunks/build/index-BwN7fzAF.mjs.map (8.9 kB)[39m[90m (1.96 kB gzip)[39m
[90m  тФЬтФА .output/server/chunks/build/index-BXDtis50.mjs (38.8 kB)[39m[90m (6.86 kB gzip)[39m
[90m  тФЬтФА .output/server/chunks/build/index-BXDtis50.mjs.map (12.9 kB)[39m[90m (2.84 kB gzip)[39m
[90m  тФЬтФА .output/server/chunks/build/index-BXGbrv8p.mjs (31 kB)[39m[90m (5.76 kB gzip)[39m
[90m  тФЬтФА .output/server/chunks/build/index-BXGbrv8p.mjs.map (10.2 kB)[39m[90m (2.36 kB gzip)[39m
[90m  тФЬтФА .output/server/chunks/build/index-BZaf0JgR.mjs (40.4 kB)[39m[90m (7.15 kB gzip)[39m
[90m  тФЬтФА .output/server/chunks/build/index-BZaf0JgR.mjs.map (19.9 kB)[39m[90m (3.57 kB gzip)[39m
[90m  тФЬтФА .output/server/chunks/build/index-C0eDi5kh.mjs (18.9 kB)[39m[90m (3.68 kB gzip)[39m
[90m  тФЬтФА .output/server/chunks/build/index-C0eDi5kh.mjs.map (6.14 kB)[39m[90m (1.45 kB gzip)[39m
[90m  тФЬтФА .output/server/chunks/build/index-C29pmkFM.mjs (32.2 kB)[39m[90m (6.07 kB gzip)[39m
[90m  тФЬтФА .output/server/chunks/build/index-C29pmkFM.mjs.map (10.4 kB)[39m[90m (2.32 kB gzip)[39m
[90m  тФЬтФА .output/server/chunks/build/index-CpS_qJ9l.mjs (8.74 kB)[39m[90m (3.1 kB gzip)[39m
[90m  тФЬтФА .output/server/chunks/build/index-CpS_qJ9l.mjs.map (3.06 kB)[39m[90m (1.06 kB gzip)[39m
[90m  тФЬтФА .output/server/chunks/build/index-CWKhdocx.mjs (11.3 kB)[39m[90m (2.98 kB gzip)[39m
[90m  тФЬтФА .output/server/chunks/build/index-CWKhdocx.mjs.map (3.55 kB)[39m[90m (1.04 kB gzip)[39m
[90m  тФЬтФА .output/server/chunks/build/index-D_lhFNSg.mjs (20.2 kB)[39m[90m (4.83 kB gzip)[39m
[90m  тФЬтФА .output/server/chunks/build/index-D_lhFNSg.mjs.map (5.83 kB)[39m[90m (1.51 kB gzip)[39m
[90m  тФЬтФА .output/server/chunks/build/index-Dcab9Ma-.mjs (33.8 kB)[39m[90m (6 kB gzip)[39m
[90m  тФЬтФА .output/server/chunks/build/index-Dcab9Ma-.mjs.map (10.6 kB)[39m[90m (2.48 kB gzip)[39m
[90m  тФЬтФА .output/server/chunks/build/index-Dj0I6jWG.mjs (9.52 kB)[39m[90m (2.85 kB gzip)[39m
[90m  тФЬтФА .output/server/chunks/build/index-Dj0I6jWG.mjs.map (4.69 kB)[39m[90m (1.41 kB gzip)[39m
[90m  тФЬтФА .output/server/chunks/build/index-Dk5rZqU7.mjs (2.26 kB)[39m[90m (984 B gzip)[39m
[90m  тФЬтФА .output/server/chunks/build/index-Dk5rZqU7.mjs.map (530 B)[39m[90m (287 B gzip)[39m
[90m  тФЬтФА .output/server/chunks/build/index-DptCDbfd.mjs (62.5 kB)[39m[90m (12.3 kB gzip)[39m
[90m  тФЬтФА .output/server/chunks/build/index-DptCDbfd.mjs.map (37.6 kB)[39m[90m (7.35 kB gzip)[39m
[90m  тФЬтФА .output/server/chunks/build/index-E2RtbfPT.mjs (25.4 kB)[39m[90m (6.51 kB gzip)[39m
[90m  тФЬтФА .output/server/chunks/build/index-E2RtbfPT.mjs.map (602 B)[39m[90m (302 B gzip)[39m
[90m  тФЬтФА .output/server/chunks/build/index-f--i1eJn.mjs (26.4 kB)[39m[90m (3.12 kB gzip)[39m
[90m  тФЬтФА .output/server/chunks/build/index-f--i1eJn.mjs.map (8.49 kB)[39m[90m (1.19 kB gzip)[39m
[90m  тФЬтФА .output/server/chunks/build/index-G3S7ZtUD.mjs (6.28 kB)[39m[90m (2.18 kB gzip)[39m
[90m  тФЬтФА .output/server/chunks/build/index-G3S7ZtUD.mjs.map (2.29 kB)[39m[90m (746 B gzip)[39m
[90m  тФЬтФА .output/server/chunks/build/index-styles-1.mjs-0rI9l9uB.mjs (425 B)[39m[90m (235 B gzip)[39m
[90m  тФЬтФА .output/server/chunks/build/index-styles-1.mjs-0rI9l9uB.mjs.map (118 B)[39m[90m (119 B gzip)[39m
[90m  тФЬтФА .output/server/chunks/build/index-styles-1.mjs-4DLzyZRd.mjs (311 B)[39m[90m (216 B gzip)[39m
[90m  тФЬтФА .output/server/chunks/build/index-styles-1.mjs-4DLzyZRd.mjs.map (118 B)[39m[90m (121 B gzip)[39m
[90m  тФЬтФА .output/server/chunks/build/index-styles-1.mjs-BfZutb3I.mjs (195 B)[39m[90m (146 B gzip)[39m
[90m  тФЬтФА .output/server/chunks/build/index-styles-1.mjs-BfZutb3I.mjs.map (118 B)[39m[90m (119 B gzip)[39m
[90m  тФЬтФА .output/server/chunks/build/index-styles-1.mjs-BnxZIs9o.mjs (338 B)[39m[90m (214 B gzip)[39m
[90m  тФЬтФА .output/server/chunks/build/index-styles-1.mjs-BnxZIs9o.mjs.map (118 B)[39m[90m (119 B gzip)[39m
[90m  тФЬтФА .output/server/chunks/build/index-styles-1.mjs-BPDxQw7W.mjs (568 B)[39m[90m (300 B gzip)[39m
[90m  тФЬтФА .output/server/chunks/build/index-styles-1.mjs-BPDxQw7W.mjs.map (118 B)[39m[90m (122 B gzip)[39m
[90m  тФЬтФА .output/server/chunks/build/index-styles-1.mjs-BWaCds92.mjs (467 B)[39m[90m (255 B gzip)[39m
[90m  тФЬтФА .output/server/chunks/build/index-styles-1.mjs-BWaCds92.mjs.map (118 B)[39m[90m (119 B gzip)[39m
[90m  тФЬтФА .output/server/chunks/build/index-styles-1.mjs-CBBGptOF.mjs (452 B)[39m[90m (249 B gzip)[39m
[90m  тФЬтФА .output/server/chunks/build/index-styles-1.mjs-CBBGptOF.mjs.map (118 B)[39m[90m (120 B gzip)[39m
[90m  тФЬтФА .output/server/chunks/build/index-styles-1.mjs-Cev3lYLX.mjs (568 B)[39m[90m (299 B gzip)[39m
[90m  тФЬтФА .output/server/chunks/build/index-styles-1.mjs-Cev3lYLX.mjs.map (118 B)[39m[90m (119 B gzip)[39m
[90m  тФЬтФА .output/server/chunks/build/index-styles-1.mjs-CyDQaAJo.mjs (316 B)[39m[90m (220 B gzip)[39m
[90m  тФЬтФА .output/server/chunks/build/index-styles-1.mjs-CyDQaAJo.mjs.map (118 B)[39m[90m (120 B gzip)[39m
[90m  тФЬтФА .output/server/chunks/build/index-styles-1.mjs-DMtWeq6_.mjs (452 B)[39m[90m (246 B gzip)[39m
[90m  тФЬтФА .output/server/chunks/build/index-styles-1.mjs-DMtWeq6_.mjs.map (118 B)[39m[90m (121 B gzip)[39m
[90m  тФЬтФА .output/server/chunks/build/index-styles-1.mjs-fn7WSVjS.mjs (568 B)[39m[90m (299 B gzip)[39m
[90m  тФЬтФА .output/server/chunks/build/index-styles-1.mjs-fn7WSVjS.mjs.map (118 B)[39m[90m (120 B gzip)[39m
[90m  тФЬтФА .output/server/chunks/build/index-styles-1.mjs-VNTXfpG1.mjs (425 B)[39m[90m (235 B gzip)[39m
[90m  тФЬтФА .output/server/chunks/build/index-styles-1.mjs-VNTXfpG1.mjs.map (118 B)[39m[90m (121 B gzip)[39m
[90m  тФЬтФА .output/server/chunks/build/index-styles.-xH0VG6F.mjs (293 B)[39m[90m (198 B gzip)[39m
[90m  тФЬтФА .output/server/chunks/build/index-styles.-xH0VG6F.mjs.map (208 B)[39m[90m (165 B gzip)[39m
[90m  тФЬтФА .output/server/chunks/build/index-styles.9_u4muBC.mjs (350 B)[39m[90m (199 B gzip)[39m
[90m  тФЬтФА .output/server/chunks/build/index-styles.9_u4muBC.mjs.map (230 B)[39m[90m (174 B gzip)[39m
[90m  тФЬтФА .output/server/chunks/build/index-styles.B6pOU879.mjs (295 B)[39m[90m (197 B gzip)[39m
[90m  тФЬтФА .output/server/chunks/build/index-styles.B6pOU879.mjs.map (208 B)[39m[90m (164 B gzip)[39m
[90m  тФЬтФА .output/server/chunks/build/index-styles.BAZ6aYkf.mjs (350 B)[39m[90m (200 B gzip)[39m
[90m  тФЬтФА .output/server/chunks/build/index-styles.BAZ6aYkf.mjs.map (230 B)[39m[90m (175 B gzip)[39m
[90m  тФЬтФА .output/server/chunks/build/index-styles.BbGIC5SJ.mjs (350 B)[39m[90m (203 B gzip)[39m
[90m  тФЬтФА .output/server/chunks/build/index-styles.BbGIC5SJ.mjs.map (230 B)[39m[90m (177 B gzip)[39m
[90m  тФЬтФА .output/server/chunks/build/index-styles.BNGhKqFd.mjs (350 B)[39m[90m (202 B gzip)[39m
[90m  тФЬтФА .output/server/chunks/build/index-styles.BNGhKqFd.mjs.map (230 B)[39m[90m (177 B gzip)[39m
[90m  тФЬтФА .output/server/chunks/build/index-styles.Bp_B-AnZ.mjs (348 B)[39m[90m (202 B gzip)[39m
[90m  тФЬтФА .output/server/chunks/build/index-styles.Bp_B-AnZ.mjs.map (230 B)[39m[90m (173 B gzip)[39m
[90m  тФЬтФА .output/server/chunks/build/index-styles.BUspV13q.mjs (295 B)[39m[90m (196 B gzip)[39m
[90m  тФЬтФА .output/server/chunks/build/index-styles.BUspV13q.mjs.map (208 B)[39m[90m (164 B gzip)[39m
[90m  тФЬтФА .output/server/chunks/build/index-styles.BzvVcIjg.mjs (295 B)[39m[90m (197 B gzip)[39m
[90m  тФЬтФА .output/server/chunks/build/index-styles.BzvVcIjg.mjs.map (208 B)[39m[90m (165 B gzip)[39m
[90m  тФЬтФА .output/server/chunks/build/index-styles.C0tXHAHp.mjs (295 B)[39m[90m (197 B gzip)[39m
[90m  тФЬтФА .output/server/chunks/build/index-styles.C0tXHAHp.mjs.map (208 B)[39m[90m (163 B gzip)[39m
[90m  тФЬтФА .output/server/chunks/build/index-styles.C9Lb9ME5.mjs (350 B)[39m[90m (202 B gzip)[39m
[90m  тФЬтФА .output/server/chunks/build/index-styles.C9Lb9ME5.mjs.map (230 B)[39m[90m (176 B gzip)[39m
[90m  тФЬтФА .output/server/chunks/build/index-styles.CAybgSb3.mjs (295 B)[39m[90m (195 B gzip)[39m
[90m  тФЬтФА .output/server/chunks/build/index-styles.CAybgSb3.mjs.map (208 B)[39m[90m (163 B gzip)[39m
[90m  тФЬтФА .output/server/chunks/build/index-styles.Cg1q3KIy.mjs (350 B)[39m[90m (202 B gzip)[39m
[90m  тФЬтФА .output/server/chunks/build/index-styles.Cg1q3KIy.mjs.map (230 B)[39m[90m (177 B gzip)[39m
[90m  тФЬтФА .output/server/chunks/build/index-styles.CLsdGd3z.mjs (350 B)[39m[90m (200 B gzip)[39m
[90m  тФЬтФА .output/server/chunks/build/index-styles.CLsdGd3z.mjs.map (230 B)[39m[90m (176 B gzip)[39m
[90m  тФЬтФА .output/server/chunks/build/index-styles.CoowOPf4.mjs (350 B)[39m[90m (199 B gzip)[39m
[90m  тФЬтФА .output/server/chunks/build/index-styles.CoowOPf4.mjs.map (230 B)[39m[90m (174 B gzip)[39m
[90m  тФЬтФА .output/server/chunks/build/index-styles.CqPJr768.mjs (295 B)[39m[90m (197 B gzip)[39m
[90m  тФЬтФА .output/server/chunks/build/index-styles.CqPJr768.mjs.map (208 B)[39m[90m (163 B gzip)[39m
[90m  тФЬтФА .output/server/chunks/build/index-styles.D990Zm4J.mjs (350 B)[39m[90m (202 B gzip)[39m
[90m  тФЬтФА .output/server/chunks/build/index-styles.D990Zm4J.mjs.map (230 B)[39m[90m (176 B gzip)[39m
[90m  тФЬтФА .output/server/chunks/build/index-styles.DaEs7m_r.mjs (295 B)[39m[90m (195 B gzip)[39m
[90m  тФЬтФА .output/server/chunks/build/index-styles.DaEs7m_r.mjs.map (208 B)[39m[90m (162 B gzip)[39m
[90m  тФЬтФА .output/server/chunks/build/index-styles.DGSE5EO6.mjs (295 B)[39m[90m (197 B gzip)[39m
[90m  тФЬтФА .output/server/chunks/build/index-styles.DGSE5EO6.mjs.map (208 B)[39m[90m (165 B gzip)[39m
[90m  тФЬтФА .output/server/chunks/build/index-styles.DL1B8hk_.mjs (350 B)[39m[90m (201 B gzip)[39m
[90m  тФЬтФА .output/server/chunks/build/index-styles.DL1B8hk_.mjs.map (230 B)[39m[90m (176 B gzip)[39m
[90m  тФЬтФА .output/server/chunks/build/index-styles.lDIfGnhh.mjs (295 B)[39m[90m (197 B gzip)[39m
[90m  тФЬтФА .output/server/chunks/build/index-styles.lDIfGnhh.mjs.map (208 B)[39m[90m (164 B gzip)[39m
[90m  тФЬтФА .output/server/chunks/build/index-styles.RtA3Wd7Y.mjs (350 B)[39m[90m (201 B gzip)[39m
[90m  тФЬтФА .output/server/chunks/build/index-styles.RtA3Wd7Y.mjs.map (230 B)[39m[90m (176 B gzip)[39m
[90m  тФЬтФА .output/server/chunks/build/index-styles.u6feHpww.mjs (295 B)[39m[90m (196 B gzip)[39m
[90m  тФЬтФА .output/server/chunks/build/index-styles.u6feHpww.mjs.map (208 B)[39m[90m (163 B gzip)[39m
[90m  тФЬтФА .output/server/chunks/build/index-styles.XgFHXPUB.mjs (295 B)[39m[90m (198 B gzip)[39m
[90m  тФЬтФА .output/server/chunks/build/index-styles.XgFHXPUB.mjs.map (208 B)[39m[90m (166 B gzip)[39m
[90m  тФЬтФА .output/server/chunks/build/index-ubxj2rrw.mjs (14.7 kB)[39m[90m (3.62 kB gzip)[39m
[90m  тФЬтФА .output/server/chunks/build/index-ubxj2rrw.mjs.map (4.61 kB)[39m[90m (1.22 kB gzip)[39m
[90m  тФЬтФА .output/server/chunks/build/index-ywTYi2x7.mjs (8.65 kB)[39m[90m (3.2 kB gzip)[39m
[90m  тФЬтФА .output/server/chunks/build/index-ywTYi2x7.mjs.map (3.1 kB)[39m[90m (1.01 kB gzip)[39m
[90m  тФЬтФА .output/server/chunks/build/island-renderer-DEsIW8oX.mjs (4.77 kB)[39m[90m (1.09 kB gzip)[39m
[90m  тФЬтФА .output/server/chunks/build/island-renderer-DEsIW8oX.mjs.map (319 B)[39m[90m (238 B gzip)[39m
[90m  тФЬтФА .output/server/chunks/build/JackpotConfetti-styles-1.mjs-9Rt10nK1.mjs (347 B)[39m[90m (233 B gzip)[39m
[90m  тФЬтФА .output/server/chunks/build/JackpotConfetti-styles-1.mjs-9Rt10nK1.mjs.map (128 B)[39m[90m (125 B gzip)[39m
[90m  тФЬтФА .output/server/chunks/build/JackpotConfetti-styles.DzebgXdM.mjs (420 B)[39m[90m (210 B gzip)[39m
[90m  тФЬтФА .output/server/chunks/build/JackpotConfetti-styles.DzebgXdM.mjs.map (250 B)[39m[90m (184 B gzip)[39m
[90m  тФЬтФА .output/server/chunks/build/JackpotConfetti-styles.U1GdHJWK.mjs (355 B)[39m[90m (205 B gzip)[39m
[90m  тФЬтФА .output/server/chunks/build/JackpotConfetti-styles.U1GdHJWK.mjs.map (228 B)[39m[90m (173 B gzip)[39m
[90m  тФЬтФА .output/server/chunks/build/jsonld-analytics-DU9nRd51.mjs (21.2 kB)[39m[90m (4.42 kB gzip)[39m
[90m  тФЬтФА .output/server/chunks/build/jsonld-analytics-DU9nRd51.mjs.map (5.31 kB)[39m[90m (1.51 kB gzip)[39m
[90m  тФЬтФА .output/server/chunks/build/JsonLdEditor-styles-1.mjs-B7oCJRP5.mjs (460 B)[39m[90m (247 B gzip)[39m
[90m  тФЬтФА .output/server/chunks/build/JsonLdEditor-styles-1.mjs-B7oCJRP5.mjs.map (125 B)[39m[90m (127 B gzip)[39m
[90m  тФЬтФА .output/server/chunks/build/JsonLdEditor-styles.9FoOAZ62.mjs (399 B)[39m[90m (217 B gzip)[39m
[90m  тФЬтФА .output/server/chunks/build/JsonLdEditor-styles.9FoOAZ62.mjs.map (244 B)[39m[90m (181 B gzip)[39m
[90m  тФЬтФА .output/server/chunks/build/JsonLdEditor-styles.D9FRGGqm.mjs (337 B)[39m[90m (206 B gzip)[39m
[90m  тФЬтФА .output/server/chunks/build/JsonLdEditor-styles.D9FRGGqm.mjs.map (222 B)[39m[90m (170 B gzip)[39m
[90m  тФЬтФА .output/server/chunks/build/login-DN50WMkh.mjs (8.01 kB)[39m[90m (2.48 kB gzip)[39m
[90m  тФЬтФА .output/server/chunks/build/login-DN50WMkh.mjs.map (1.59 kB)[39m[90m (509 B gzip)[39m
[90m  тФЬтФА .output/server/chunks/build/Nuxt-FMzKJBot.mjs (15.1 kB)[39m[90m (4.3 kB gzip)[39m
[90m  тФЬтФА .output/server/chunks/build/Nuxt-FMzKJBot.mjs.map (254 B)[39m[90m (205 B gzip)[39m
[90m  тФЬтФА .output/server/chunks/build/nuxt-link-CL9UIsOK.mjs (9.97 kB)[39m[90m (2.62 kB gzip)[39m
[90m  тФЬтФА .output/server/chunks/build/nuxt-link-CL9UIsOK.mjs.map (204 B)[39m[90m (171 B gzip)[39m
[90m  тФЬтФА .output/server/chunks/build/Nuxt.d.vue-BTDBFo2Y.mjs (113 B)[39m[90m (110 B gzip)[39m
[90m  тФЬтФА .output/server/chunks/build/Nuxt.d.vue-BTDBFo2Y.mjs.map (234 B)[39m[90m (192 B gzip)[39m
[90m  тФЬтФА .output/server/chunks/build/NuxtImg-C6PvFnu_.mjs (17.6 kB)[39m[90m (5.13 kB gzip)[39m
[90m  тФЬтФА .output/server/chunks/build/NuxtImg-C6PvFnu_.mjs.map (791 B)[39m[90m (307 B gzip)[39m
[90m  тФЬтФА .output/server/chunks/build/NuxtSeo-C8nDwp1x.mjs (6.47 kB)[39m[90m (2.43 kB gzip)[39m
[90m  тФЬтФА .output/server/chunks/build/NuxtSeo-C8nDwp1x.mjs.map (263 B)[39m[90m (209 B gzip)[39m
[90m  тФЬтФА .output/server/chunks/build/NuxtSeo.d.vue-BTDBFo2Y.mjs (116 B)[39m[90m (113 B gzip)[39m
[90m  тФЬтФА .output/server/chunks/build/NuxtSeo.d.vue-BTDBFo2Y.mjs.map (240 B)[39m[90m (195 B gzip)[39m
[90m  тФЬтФА .output/server/chunks/build/Pergel-CjikIUP-.mjs (7.99 kB)[39m[90m (2.87 kB gzip)[39m
[90m  тФЬтФА .output/server/chunks/build/Pergel-CjikIUP-.mjs.map (258 B)[39m[90m (206 B gzip)[39m
[90m  тФЬтФА .output/server/chunks/build/Pergel.d.vue-BTDBFo2Y.mjs (115 B)[39m[90m (112 B gzip)[39m
[90m  тФЬтФА .output/server/chunks/build/Pergel.d.vue-BTDBFo2Y.mjs.map (238 B)[39m[90m (194 B gzip)[39m
[90m  тФЬтФА .output/server/chunks/build/privacy-policy-Dcrif0JW.mjs (5.97 kB)[39m[90m (2.21 kB gzip)[39m
[90m  тФЬтФА .output/server/chunks/build/privacy-policy-Dcrif0JW.mjs.map (1.38 kB)[39m[90m (487 B gzip)[39m
[90m  тФЬтФА .output/server/chunks/build/pt-BR-FBHxw3je.mjs (3.25 kB)[39m[90m (882 B gzip)[39m
[90m  тФЬтФА .output/server/chunks/build/pt-BR-FBHxw3je.mjs.map (150 B)[39m[90m (110 B gzip)[39m
[90m  тФЬтФА .output/server/chunks/build/responsible-gaming-BkqnJipQ.mjs (6.64 kB)[39m[90m (2.35 kB gzip)[39m
[90m  тФЬтФА .output/server/chunks/build/responsible-gaming-BkqnJipQ.mjs.map (1.31 kB)[39m[90m (452 B gzip)[39m
[90m  тФЬтФА .output/server/chunks/build/ru-CIh3HLbP.mjs (8.61 kB)[39m[90m (1.42 kB gzip)[39m
[90m  тФЬтФА .output/server/chunks/build/ru-CIh3HLbP.mjs.map (161 B)[39m[90m (107 B gzip)[39m
[90m  тФЬтФА .output/server/chunks/build/server.mjs (381 kB)[39m[90m (76.1 kB gzip)[39m
[90m  тФЬтФА .output/server/chunks/build/server.mjs.map (10.2 kB)[39m[90m (2.46 kB gzip)[39m
[90m  тФЬтФА .output/server/chunks/build/SimpleBlog-CbNMqdA0.mjs (2.45 kB)[39m[90m (1.05 kB gzip)[39m
[90m  тФЬтФА .output/server/chunks/build/SimpleBlog-CbNMqdA0.mjs.map (266 B)[39m[90m (210 B gzip)[39m
[90m  тФЬтФА .output/server/chunks/build/SimpleBlog.d.vue-BTDBFo2Y.mjs (119 B)[39m[90m (116 B gzip)[39m
[90m  тФЬтФА .output/server/chunks/build/SimpleBlog.d.vue-BTDBFo2Y.mjs.map (246 B)[39m[90m (196 B gzip)[39m
[90m  тФЬтФА .output/server/chunks/build/SlotCard-lgV-ktJ4.mjs (21.8 kB)[39m[90m (4.01 kB gzip)[39m
[90m  тФЬтФА .output/server/chunks/build/SlotCard-lgV-ktJ4.mjs.map (9.52 kB)[39m[90m (2.26 kB gzip)[39m
[90m  тФЬтФА .output/server/chunks/build/SlotCard-styles-1.mjs-TZ1ZVBbo.mjs (434 B)[39m[90m (240 B gzip)[39m
[90m  тФЬтФА .output/server/chunks/build/SlotCard-styles-1.mjs-TZ1ZVBbo.mjs.map (121 B)[39m[90m (122 B gzip)[39m
[90m  тФЬтФА .output/server/chunks/build/SlotCard-styles.BZUGvWBT.mjs (313 B)[39m[90m (203 B gzip)[39m
[90m  тФЬтФА .output/server/chunks/build/SlotCard-styles.BZUGvWBT.mjs.map (214 B)[39m[90m (167 B gzip)[39m
[90m  тФЬтФА .output/server/chunks/build/SlotCard-styles.DSqEtOg_.mjs (371 B)[39m[90m (205 B gzip)[39m
[90m  тФЬтФА .output/server/chunks/build/SlotCard-styles.DSqEtOg_.mjs.map (236 B)[39m[90m (176 B gzip)[39m
[90m  тФЬтФА .output/server/chunks/build/slotFormatters-ByViMNC5.mjs (12 kB)[39m[90m (3.31 kB gzip)[39m
[90m  тФЬтФА .output/server/chunks/build/slotFormatters-ByViMNC5.mjs.map (10.7 kB)[39m[90m (2.12 kB gzip)[39m
[90m  тФЬтФА .output/server/chunks/build/slots-PMy0UqxF.mjs (27.9 kB)[39m[90m (5.33 kB gzip)[39m
[90m  тФЬтФА .output/server/chunks/build/slots-PMy0UqxF.mjs.map (10.8 kB)[39m[90m (2.52 kB gzip)[39m
[90m  тФЬтФА .output/server/chunks/build/slots-styles-1.mjs-aCeTUWEu.mjs (568 B)[39m[90m (300 B gzip)[39m
[90m  тФЬтФА .output/server/chunks/build/slots-styles-1.mjs-aCeTUWEu.mjs.map (118 B)[39m[90m (118 B gzip)[39m
[90m  тФЬтФА .output/server/chunks/build/slots-styles.CWyRB1e-.mjs (295 B)[39m[90m (199 B gzip)[39m
[90m  тФЬтФА .output/server/chunks/build/slots-styles.CWyRB1e-.mjs.map (208 B)[39m[90m (163 B gzip)[39m
[90m  тФЬтФА .output/server/chunks/build/slots-styles.Iv66XRcp.mjs (350 B)[39m[90m (202 B gzip)[39m
[90m  тФЬтФА .output/server/chunks/build/slots-styles.Iv66XRcp.mjs.map (230 B)[39m[90m (176 B gzip)[39m
[90m  тФЬтФА .output/server/chunks/build/styles.mjs (7.06 kB)[39m[90m (1.32 kB gzip)[39m
[90m  тФЬтФА .output/server/chunks/build/styles.mjs.map (4.06 kB)[39m[90m (586 B gzip)[39m
[90m  тФЬтФА .output/server/chunks/build/terms-and-conditions-Ca7i3476.mjs (5.59 kB)[39m[90m (1.97 kB gzip)[39m
[90m  тФЬтФА .output/server/chunks/build/terms-and-conditions-Ca7i3476.mjs.map (1.74 kB)[39m[90m (576 B gzip)[39m
[90m  тФЬтФА .output/server/chunks/build/test-components-BrO2hbyi.mjs (36.5 kB)[39m[90m (5.63 kB gzip)[39m
[90m  тФЬтФА .output/server/chunks/build/test-components-BrO2hbyi.mjs.map (8.65 kB)[39m[90m (2 kB gzip)[39m
[90m  тФЬтФА .output/server/chunks/build/test-components-styles-1.mjs-bczVEIIS.mjs (478 B)[39m[90m (283 B gzip)[39m
[90m  тФЬтФА .output/server/chunks/build/test-components-styles-1.mjs-bczVEIIS.mjs.map (128 B)[39m[90m (126 B gzip)[39m
[90m  тФЬтФА .output/server/chunks/build/test-components-styles.CTHUXcUa.mjs (415 B)[39m[90m (214 B gzip)[39m
[90m  тФЬтФА .output/server/chunks/build/test-components-styles.CTHUXcUa.mjs.map (250 B)[39m[90m (182 B gzip)[39m
[90m  тФЬтФА .output/server/chunks/build/test-components-styles.ogXJf_bp.mjs (351 B)[39m[90m (212 B gzip)[39m
[90m  тФЬтФА .output/server/chunks/build/test-components-styles.ogXJf_bp.mjs.map (228 B)[39m[90m (169 B gzip)[39m
[90m  тФЬтФА .output/server/chunks/build/test-icons-D0ZIHkEp.mjs (2.7 kB)[39m[90m (961 B gzip)[39m
[90m  тФЬтФА .output/server/chunks/build/test-icons-D0ZIHkEp.mjs.map (687 B)[39m[90m (264 B gzip)[39m
[90m  тФЬтФА .output/server/chunks/build/TheBackgroundBeams-BGnU2kUO.mjs (3.62 kB)[39m[90m (1.43 kB gzip)[39m
[90m  тФЬтФА .output/server/chunks/build/TheBackgroundBeams-BGnU2kUO.mjs.map (2.19 kB)[39m[90m (621 B gzip)[39m
[90m  тФЬтФА .output/server/chunks/build/TheBackgroundBeams-styles-1.mjs-CuDUs54y.mjs (4.21 kB)[39m[90m (1.16 kB gzip)[39m
[90m  тФЬтФА .output/server/chunks/build/TheBackgroundBeams-styles-1.mjs-CuDUs54y.mjs.map (131 B)[39m[90m (129 B gzip)[39m
[90m  тФЬтФА .output/server/chunks/build/TheBackgroundBeams-styles.ae5mIP__.mjs (373 B)[39m[90m (212 B gzip)[39m
[90m  тФЬтФА .output/server/chunks/build/TheBackgroundBeams-styles.ae5mIP__.mjs.map (234 B)[39m[90m (174 B gzip)[39m
[90m  тФЬтФА .output/server/chunks/build/TheBackgroundBeams-styles.eLxJNwx_.mjs (441 B)[39m[90m (219 B gzip)[39m
[90m  тФЬтФА .output/server/chunks/build/TheBackgroundBeams-styles.eLxJNwx_.mjs.map (256 B)[39m[90m (186 B gzip)[39m
[90m  тФЬтФА .output/server/chunks/build/TheFooter-styles-1.mjs-CCsoKpg9.mjs (207 B)[39m[90m (154 B gzip)[39m
[90m  тФЬтФА .output/server/chunks/build/TheFooter-styles-1.mjs-CCsoKpg9.mjs.map (122 B)[39m[90m (122 B gzip)[39m
[90m  тФЬтФА .output/server/chunks/build/TheFooter-styles.LZGrRzjK.mjs (319 B)[39m[90m (203 B gzip)[39m
[90m  тФЬтФА .output/server/chunks/build/TheFooter-styles.LZGrRzjK.mjs.map (216 B)[39m[90m (168 B gzip)[39m
[90m  тФЬтФА .output/server/chunks/build/TheFooter-styles.vzWNCyEn.mjs (378 B)[39m[90m (206 B gzip)[39m
[90m  тФЬтФА .output/server/chunks/build/TheFooter-styles.vzWNCyEn.mjs.map (238 B)[39m[90m (177 B gzip)[39m
[90m  тФЬтФА .output/server/chunks/build/tr-DQSHBOD2.mjs (4.58 kB)[39m[90m (1.03 kB gzip)[39m
[90m  тФЬтФА .output/server/chunks/build/tr-DQSHBOD2.mjs.map (161 B)[39m[90m (107 B gzip)[39m
[90m  тФЬтФА .output/server/chunks/build/UnJs-CwVq-bWy.mjs (10.1 kB)[39m[90m (3.58 kB gzip)[39m
[90m  тФЬтФА .output/server/chunks/build/UnJs-CwVq-bWy.mjs.map (254 B)[39m[90m (208 B gzip)[39m
[90m  тФЬтФА .output/server/chunks/build/UnJs.d.vue-BTDBFo2Y.mjs (113 B)[39m[90m (110 B gzip)[39m
[90m  тФЬтФА .output/server/chunks/build/UnJs.d.vue-BTDBFo2Y.mjs.map (234 B)[39m[90m (192 B gzip)[39m
[90m  тФЬтФА .output/server/chunks/build/useBlogs-aarF5wcC.mjs (1.31 kB)[39m[90m (509 B gzip)[39m
[90m  тФЬтФА .output/server/chunks/build/useBlogs-aarF5wcC.mjs.map (1.45 kB)[39m[90m (471 B gzip)[39m
[90m  тФЬтФА .output/server/chunks/build/useCasinos-C_B7Kowa.mjs (631 B)[39m[90m (308 B gzip)[39m
[90m  тФЬтФА .output/server/chunks/build/useCasinos-C_B7Kowa.mjs.map (741 B)[39m[90m (340 B gzip)[39m
[90m  тФЬтФА .output/server/chunks/build/useCategories-BN3mLOxa.mjs (1.4 kB)[39m[90m (406 B gzip)[39m
[90m  тФЬтФА .output/server/chunks/build/useCategories-BN3mLOxa.mjs.map (1.51 kB)[39m[90m (439 B gzip)[39m
[90m  тФЬтФА .output/server/chunks/build/useGlossary-D-YtPwy6.mjs (1.02 kB)[39m[90m (458 B gzip)[39m
[90m  тФЬтФА .output/server/chunks/build/useGlossary-D-YtPwy6.mjs.map (1.11 kB)[39m[90m (418 B gzip)[39m
[90m  тФЬтФА .output/server/chunks/build/useNews-du4xbDWo.mjs (606 B)[39m[90m (307 B gzip)[39m
[90m  тФЬтФА .output/server/chunks/build/useNews-du4xbDWo.mjs.map (735 B)[39m[90m (339 B gzip)[39m
[90m  тФЬтФА .output/server/chunks/build/usePageJsonLd-ZKfj6khi.mjs (5.7 kB)[39m[90m (1.68 kB gzip)[39m
[90m  тФЬтФА .output/server/chunks/build/usePageJsonLd-ZKfj6khi.mjs.map (5.92 kB)[39m[90m (1.49 kB gzip)[39m
[90m  тФЬтФА .output/server/chunks/build/usePagesApi-Dwj3IgPB.mjs (959 B)[39m[90m (455 B gzip)[39m
[90m  тФЬтФА .output/server/chunks/build/usePagesApi-Dwj3IgPB.mjs.map (1.1 kB)[39m[90m (435 B gzip)[39m
[90m  тФЬтФА .output/server/chunks/build/usePageSEO-C3uj8NyS.mjs (6.38 kB)[39m[90m (1.82 kB gzip)[39m
[90m  тФЬтФА .output/server/chunks/build/usePageSEO-C3uj8NyS.mjs.map (6.88 kB)[39m[90m (1.66 kB gzip)[39m
[90m  тФЬтФА .output/server/chunks/build/usePromotions-BALeV3Ca.mjs (658 B)[39m[90m (312 B gzip)[39m
[90m  тФЬтФА .output/server/chunks/build/usePromotions-BALeV3Ca.mjs.map (751 B)[39m[90m (344 B gzip)[39m
[90m  тФЬтФА .output/server/chunks/build/useProviders-BXLvKaE8.mjs (1.68 kB)[39m[90m (479 B gzip)[39m
[90m  тФЬтФА .output/server/chunks/build/useProviders-BXLvKaE8.mjs.map (1.79 kB)[39m[90m (494 B gzip)[39m
[90m  тФЬтФА .output/server/chunks/build/useSlotsApi-BkrjGEVi.mjs (3.57 kB)[39m[90m (779 B gzip)[39m
[90m  тФЬтФА .output/server/chunks/build/useSlotsApi-BkrjGEVi.mjs.map (3.9 kB)[39m[90m (791 B gzip)[39m
[90m  тФЬтФА .output/server/chunks/build/useStreamers-D1P9Yvpt.mjs (649 B)[39m[90m (313 B gzip)[39m
[90m  тФЬтФА .output/server/chunks/build/useStreamers-D1P9Yvpt.mjs.map (746 B)[39m[90m (345 B gzip)[39m
[90m  тФЬтФА .output/server/chunks/build/useThemes-CLkTeZmE.mjs (4.03 kB)[39m[90m (747 B gzip)[39m
[90m  тФЬтФА .output/server/chunks/build/useThemes-CLkTeZmE.mjs.map (4.71 kB)[39m[90m (751 B gzip)[39m
[90m  тФЬтФА .output/server/chunks/build/uz-DX0NSauP.mjs (3.06 kB)[39m[90m (800 B gzip)[39m
[90m  тФЬтФА .output/server/chunks/build/uz-DX0NSauP.mjs.map (147 B)[39m[90m (107 B gzip)[39m
[90m  тФЬтФА .output/server/chunks/build/Wave-qdArrv7Z.mjs (1.81 kB)[39m[90m (1.06 kB gzip)[39m
[90m  тФЬтФА .output/server/chunks/build/Wave-qdArrv7Z.mjs.map (254 B)[39m[90m (206 B gzip)[39m
[90m  тФЬтФА .output/server/chunks/build/Wave.d.vue-BTDBFo2Y.mjs (113 B)[39m[90m (110 B gzip)[39m
[90m  тФЬтФА .output/server/chunks/build/Wave.d.vue-BTDBFo2Y.mjs.map (234 B)[39m[90m (192 B gzip)[39m
[90m  тФЬтФА .output/server/chunks/build/WithEmoji-CpVBYVMB.mjs (1.4 kB)[39m[90m (726 B gzip)[39m
[90m  тФЬтФА .output/server/chunks/build/WithEmoji-CpVBYVMB.mjs.map (264 B)[39m[90m (210 B gzip)[39m
[90m  тФЬтФА .output/server/chunks/build/WithEmoji.d.vue-BTDBFo2Y.mjs (118 B)[39m[90m (115 B gzip)[39m
[90m  тФЬтФА .output/server/chunks/build/WithEmoji.d.vue-BTDBFo2Y.mjs.map (244 B)[39m[90m (197 B gzip)[39m
[90m  тФЬтФА .output/server/chunks/raw/Inter-normal-400.ttf.mjs (553 kB)[39m[90m (252 kB gzip)[39m
[90m  тФЬтФА .output/server/chunks/raw/Inter-normal-400.ttf.mjs.map (114 B)[39m[90m (113 B gzip)[39m
[90m  тФЬтФА .output/server/chunks/raw/Inter-normal-700.ttf.mjs (564 kB)[39m[90m (265 kB gzip)[39m
[90m  тФЬтФА .output/server/chunks/raw/Inter-normal-700.ttf.mjs.map (114 B)[39m[90m (113 B gzip)[39m
[90m  тФЬтФА .output/server/chunks/routes/__og-image__/font/font.mjs (852 B)[39m[90m (348 B gzip)[39m
[90m  тФЬтФА .output/server/chunks/routes/__og-image__/font/font.mjs.map (198 B)[39m[90m (161 B gzip)[39m
[90m  тФЬтФА .output/server/chunks/routes/__og-image__/image/image.mjs (857 B)[39m[90m (348 B gzip)[39m
[90m  тФЬтФА .output/server/chunks/routes/__og-image__/image/image.mjs.map (200 B)[39m[90m (160 B gzip)[39m
[90m  тФЬтФА .output/server/chunks/routes/__sitemap__/_sitemap_.xml.mjs (851 B)[39m[90m (363 B gzip)[39m
[90m  тФЬтФА .output/server/chunks/routes/__sitemap__/_sitemap_.xml.mjs.map (223 B)[39m[90m (172 B gzip)[39m
[90m  тФЬтФА .output/server/chunks/routes/__sitemap__/urls.mjs (5.07 kB)[39m[90m (1.67 kB gzip)[39m
[90m  тФЬтФА .output/server/chunks/routes/__sitemap__/urls.mjs.map (4.93 kB)[39m[90m (844 B gzip)[39m
[90m  тФЬтФА .output/server/chunks/routes/api/bonuses/_id_.delete.mjs (1.21 kB)[39m[90m (557 B gzip)[39m
[90m  тФЬтФА .output/server/chunks/routes/api/bonuses/_id_.delete.mjs.map (602 B)[39m[90m (257 B gzip)[39m
[90m  тФЬтФА .output/server/chunks/routes/api/bonuses/_id_.put.mjs (1.26 kB)[39m[90m (580 B gzip)[39m
[90m  тФЬтФА .output/server/chunks/routes/api/bonuses/_id_.put.mjs.map (661 B)[39m[90m (261 B gzip)[39m
[90m  тФЬтФА .output/server/chunks/routes/api/index.get.mjs (1.1 kB)[39m[90m (508 B gzip)[39m
[90m  тФЬтФА .output/server/chunks/routes/api/index.get.mjs.map (480 B)[39m[90m (227 B gzip)[39m
[90m  тФЬтФА .output/server/chunks/routes/api/index.get2.mjs (1.44 kB)[39m[90m (658 B gzip)[39m
[90m  тФЬтФА .output/server/chunks/routes/api/index.get2.mjs.map (924 B)[39m[90m (308 B gzip)[39m
[90m  тФЬтФА .output/server/chunks/routes/api/index.get3.mjs (1.09 kB)[39m[90m (507 B gzip)[39m
[90m  тФЬтФА .output/server/chunks/routes/api/index.get3.mjs.map (480 B)[39m[90m (227 B gzip)[39m
[90m  тФЬтФА .output/server/chunks/routes/api/index.post.mjs (1.19 kB)[39m[90m (547 B gzip)[39m
[90m  тФЬтФА .output/server/chunks/routes/api/index.post.mjs.map (582 B)[39m[90m (248 B gzip)[39m
[90m  тФЬтФА .output/server/chunks/routes/api/index.post2.mjs (1.19 kB)[39m[90m (547 B gzip)[39m
[90m  тФЬтФА .output/server/chunks/routes/api/index.post2.mjs.map (581 B)[39m[90m (254 B gzip)[39m
[90m  тФЬтФА .output/server/chunks/routes/api/index.post3.mjs (1.19 kB)[39m[90m (548 B gzip)[39m
[90m  тФЬтФА .output/server/chunks/routes/api/index.post3.mjs.map (582 B)[39m[90m (249 B gzip)[39m
[90m  тФЬтФА .output/server/chunks/routes/api/slots/_id_.put.mjs (2.1 kB)[39m[90m (889 B gzip)[39m
[90m  тФЬтФА .output/server/chunks/routes/api/slots/_id_.put.mjs.map (1.43 kB)[39m[90m (394 B gzip)[39m
[90m  тФЬтФА .output/server/chunks/routes/api/slots/_slug_.get.mjs (1.52 kB)[39m[90m (645 B gzip)[39m
[90m  тФЬтФА .output/server/chunks/routes/api/slots/_slug_.get.mjs.map (874 B)[39m[90m (297 B gzip)[39m
[90m  тФЬтФА .output/server/chunks/routes/api/slots/featured.get.mjs (1.13 kB)[39m[90m (512 B gzip)[39m
[90m  тФЬтФА .output/server/chunks/routes/api/slots/featured.get.mjs.map (487 B)[39m[90m (231 B gzip)[39m
[90m  тФЬтФА .output/server/chunks/routes/api/slots/popular.get.mjs (1.12 kB)[39m[90m (511 B gzip)[39m
[90m  тФЬтФА .output/server/chunks/routes/api/slots/popular.get.mjs.map (485 B)[39m[90m (229 B gzip)[39m
[90m  тФЬтФА .output/server/chunks/routes/api/slots/search.get.mjs (1.5 kB)[39m[90m (653 B gzip)[39m
[90m  тФЬтФА .output/server/chunks/routes/api/slots/search.get.mjs.map (855 B)[39m[90m (302 B gzip)[39m
[90m  тФЬтФА .output/server/chunks/routes/api/themes/_id_.delete.mjs (1.2 kB)[39m[90m (556 B gzip)[39m
[90m  тФЬтФА .output/server/chunks/routes/api/themes/_id_.delete.mjs.map (601 B)[39m[90m (256 B gzip)[39m
[90m  тФЬтФА .output/server/chunks/routes/api/themes/_id_.put.mjs (1.26 kB)[39m[90m (579 B gzip)[39m
[90m  тФЬтФА .output/server/chunks/routes/api/themes/_id_.put.mjs.map (660 B)[39m[90m (260 B gzip)[39m
[90m  тФЬтФА .output/server/chunks/routes/renderer.mjs (8.13 kB)[39m[90m (2.72 kB gzip)[39m
[90m  тФЬтФА .output/server/chunks/routes/renderer.mjs.map (281 B)[39m[90m (180 B gzip)[39m
[90m  тФЬтФА .output/server/chunks/routes/sitemap_index.xml.mjs (860 B)[39m[90m (362 B gzip)[39m
[90m  тФЬтФА .output/server/chunks/routes/sitemap_index.xml.mjs.map (220 B)[39m[90m (169 B gzip)[39m
[90m  тФЬтФА .output/server/chunks/virtual/_raw-helpers.mjs (298 B)[39m[90m (217 B gzip)[39m
[90m  тФЬтФА .output/server/chunks/virtual/_raw-helpers.mjs.map (111 B)[39m[90m (105 B gzip)[39m
[90m  тФЬтФА .output/server/chunks/virtual/_virtual_spa-template.mjs (94 B)[39m[90m (100 B gzip)[39m
[90m  тФЬтФА .output/server/chunks/virtual/_virtual_spa-template.mjs.map (112 B)[39m[90m (111 B gzip)[39m
[90m  тФЬтФА .output/server/chunks/virtual/child-sources.mjs (436 B)[39m[90m (170 B gzip)[39m
[90m  тФЬтФА .output/server/chunks/virtual/child-sources.mjs.map (123 B)[39m[90m (103 B gzip)[39m
[90m  тФЬтФА .output/server/chunks/virtual/global-sources.mjs (457 B)[39m[90m (262 B gzip)[39m
[90m  тФЬтФА .output/server/chunks/virtual/global-sources.mjs.map (120 B)[39m[90m (103 B gzip)[39m
[90m  тФЬтФА .output/server/index.mjs (2.11 kB)[39m[90m (885 B gzip)[39m
[90m  тФФтФА .output/server/package.json (3.56 kB)[39m[90m (1.23 kB gzip)[39m
[36m╬г Total size:[39m 40.8 MB (15.1 MB gzip)
[90m[[90m@nuxt/image[90m][39m [36mтД╣[39m [36msharp[39m binaries have been included in your build for [36mwin32-x64[39m. Make sure you deploy to the same architecture.
[90m[[90mnitro[90m][39m [32mтЬФ[39m You can preview this build using [36mnode .output/server/index.mjs[39m
